******************************************************************************
                  TI ARM Linker PC v18.12.1                    
******************************************************************************
>> Linked Wed Jul 31 21:55:50 2019

OUTPUT FILE NAME:   <inc.out>
ENTRY POINT SYMBOL: "_c_int00_noargs"  address: 00001a0d


MEMORY CONFIGURATION

         name            origin    length      used     unused   attr    fill
----------------------  --------  ---------  --------  --------  ----  --------
  MAIN                  00000000   00040000  00001aae  0003e552  R  X
  INFO                  00200000   00004000  00000000  00004000  R  X
  SRAM_CODE             01000000   00010000  000008a9  0000f757  RW X
  SRAM_DATA             20000000   00010000  000008a9  0000f757  RW  


SEGMENT ALLOCATION MAP

run origin  load origin   length   init length attrs members
----------  ----------- ---------- ----------- ----- -------
00000000    00000000    00001ab0   00001ab0    r-x
  00000000    00000000    000000e4   000000e4    r-- .intvecs
  000000e4    000000e4    00001992   00001992    r-x .text
  00001a78    00001a78    00000038   00000038    r-- .cinit
20000000    20000000    000006ac   00000000    rw-
  20000000    20000000    00000400   00000000    rw- .sysmem
  20000400    20000400    0000028d   00000000    rw- .bss
  20000690    20000690    0000001c   00000000    rw- .data
2000fe00    2000fe00    00000200   00000000    rw-
  2000fe00    2000fe00    00000200   00000000    rw- .stack


SECTION ALLOCATION MAP

 output                                  attributes/
section   page    origin      length       input sections
--------  ----  ----------  ----------   ----------------
.intvecs   0    00000000    000000e4     
                  00000000    000000e4     startup_msp432p401r_ccs.obj (.intvecs:retain)

.text      0    000000e4    00001992     
                  000000e4    000006c8     TExaS.obj (.text)
                  000007ac    000005b6     EUSCIA0.obj (.text)
                  00000d62    00000002     incmain.obj (.text)
                  00000d64    0000032c     system_msp432p401r.obj (.text)
                  00001090    000001d4     TA3InputCapture.obj (.text)
                  00001264    000001a4     UART1.obj (.text)
                  00001408    00000174     FIFO0.obj (.text)
                  0000157c    0000014c     ADCTA0Trigger.obj (.text)
                  000016c8    000000ac     TimerA0.obj (.text)
                  00001774    000000a8     TimerA1.obj (.text)
                  0000181c    000000a8     TimerA2.obj (.text)
                  000018c4    0000009c     rtsv7M4_T_le_v4SPD16_eabi.lib : memcpy_t2.asm.obj (.text)
                  00001960    00000068                                   : copy_decompress_lzss.c.obj (.text:decompress:lzss:__TI_decompress_lzss)
                  000019c8    00000044                                   : autoinit.c.obj (.text:__TI_auto_init_nobinit_nopinit:__TI_auto_init_nobinit_nopinit)
                  00001a0c    00000034                                   : boot_cortex_m.c.obj (.text:_c_int00_noargs:_c_int00_noargs)
                  00001a40    00000012                                   : copy_zero_init.c.obj (.text:decompress:ZI:__TI_zero_init_nomemset:__TI_zero_init_nomemset)
                  00001a52    0000000e                                   : copy_decompress_none.c.obj (.text:decompress:none:__TI_decompress_none)
                  00001a60    0000000e     startup_msp432p401r_ccs.obj (.text)
                  00001a6e    00000004     rtsv7M4_T_le_v4SPD16_eabi.lib : pre_init.c.obj (.text:_system_pre_init)
                  00001a72    00000004                                   : exit.c.obj (.text:abort:abort)

.cinit     0    00001a78    00000038     
                  00001a78    00000011     (.cinit..data.load) [load image, compression = lzss]
                  00001a89    00000003     --HOLE-- [fill = 0]
                  00001a8c    0000000c     (__TI_handler_table)
                  00001a98    00000008     (.cinit..bss.load) [load image, compression = zero_init]
                  00001aa0    00000010     (__TI_cinit_table)

.init_array 
*          0    00000000    00000000     UNINITIALIZED

.binit     0    00000000    00000000     

.sysmem    0    20000000    00000400     UNINITIALIZED
                  20000000    00000010     rtsv7M4_T_le_v4SPD16_eabi.lib : memory.c.obj (.sysmem)
                  20000010    000003f0     --HOLE--

.bss       0    20000400    0000028d     UNINITIALIZED
                  20000400    00000100     (.common:RxFIFO)
                  20000500    00000100     (.common:TxHistogram)
                  20000600    00000040     FIFO0.obj (.bss:TxFifo0)
                  20000640    00000010     FIFO0.obj (.bss:RxFifo0)
                  20000650    00000008     (.common:Messagec)
                  20000658    00000004     (.common:FinishedTask)
                  2000065c    00000004     (.common:Messageindexc)
                  20000660    00000004     (.common:PeriodicTask2)
                  20000664    00000004     (.common:Rx0GetI)
                  20000668    00000004     (.common:Rx0PutI)
                  2000066c    00000004     (.common:RxFifoLost)
                  20000670    00000004     (.common:RxGetI)
                  20000674    00000004     (.common:RxPutI)
                  20000678    00000004     (.common:TimerA0Task)
                  2000067c    00000004     (.common:TimerA1Task)
                  20000680    00000004     (.common:TimerA2Task)
                  20000684    00000004     (.common:Tx0GetI)
                  20000688    00000004     (.common:Tx0PutI)
                  2000068c    00000001     (.common:LogicData)

.data      0    20000690    0000001c     UNINITIALIZED
                  20000690    0000000c     TA3InputCapture.obj (.data)
                  2000069c    0000000c     TExaS.obj (.data)
                  200006a8    00000004     system_msp432p401r.obj (.data)

.stack     0    2000fe00    00000200     UNINITIALIZED
                  2000fe00    00000004     rtsv7M4_T_le_v4SPD16_eabi.lib : boot_cortex_m.c.obj (.stack)
                  2000fe04    000001fc     --HOLE--

MODULE SUMMARY

       Module                        code   ro data   rw data
       ------                        ----   -------   -------
    .\
       TExaS.obj                     1736   0         34     
       EUSCIA0.obj                   1462   0         24     
       FIFO0.obj                     372    0         704    
       UART1.obj                     420    0         536    
       system_msp432p401r.obj        812    0         8      
       TA3InputCapture.obj           468    0         24     
       ADCTA0Trigger.obj             332    0         8      
       startup_msp432p401r_ccs.obj   14     228       0      
       TimerA0.obj                   172    0         8      
       TimerA1.obj                   168    0         8      
       TimerA2.obj                   168    0         8      
       incmain.obj                   2      0         0      
    +--+-----------------------------+------+---------+---------+
       Total:                        6126   228       1362   
                                                             
    E:\ti\ccs900\ccs\tools\compiler\ti-cgt-arm_18.12.1.LTS\lib\rtsv7M4_T_le_v4SPD16_eabi.lib
       memcpy_t2.asm.obj             156    0         0      
       copy_decompress_lzss.c.obj    104    0         0      
       autoinit.c.obj                68     0         0      
       boot_cortex_m.c.obj           52     0         0      
       copy_zero_init.c.obj          18     0         0      
       copy_decompress_none.c.obj    14     0         0      
       exit.c.obj                    4      0         0      
       pre_init.c.obj                4      0         0      
    +--+-----------------------------+------+---------+---------+
       Total:                        420    0         0      
                                                             
       Heap:                         0      0         2048   
       Stack:                        0      0         1024   
       Linker Generated:             0      53        0      
    +--+-----------------------------+------+---------+---------+
       Grand Total:                  6546   281       4434   


LINKER GENERATED COPY TABLES

__TI_cinit_table @ 00001aa0 records: 2, size/record: 8, table size: 16
	.data: load addr=00001a78, load size=00000011 bytes, run addr=20000690, run size=0000001c bytes, compression=lzss
	.bss: load addr=00001a98, load size=00000008 bytes, run addr=20000400, run size=0000028d bytes, compression=zero_init


LINKER GENERATED HANDLER TABLE

__TI_handler_table @ 00001a8c records: 3, size/record: 4, table size: 12
	index: 0, handler: __TI_decompress_lzss
	index: 1, handler: __TI_decompress_none
	index: 2, handler: __TI_zero_init


GLOBAL SYMBOLS: SORTED ALPHABETICALLY BY Name 

address   name                                   
-------   ----                                   
0000157d  ADC0_InitTA0TriggerCh6                 
0000165f  ADC14_IRQHandler                       
0000165f  ADC14_IRQHandler                       
000004f1  ADC_Init                               
00001a6d  AES256_IRQHandler                      
00001a6d  BusFault_Handler                       
00001a73  C$$EXIT                                
00001a6d  COMP_E0_IRQHandler                     
00001a6d  COMP_E1_IRQHandler                     
00001a6d  CS_IRQHandler                          
20000690  CaptureTask0                           
20000694  CaptureTask1                           
20000698  CaptureTask2                           
00001a6d  DMA_ERR_IRQHandler                     
00001a6d  DMA_INT0_IRQHandler                    
00001a6d  DMA_INT1_IRQHandler                    
00001a6d  DMA_INT2_IRQHandler                    
00001a6d  DMA_INT3_IRQHandler                    
00001a6d  DebugMon_Handler                       
00001a6d  Default_Handler                        
0000083d  EUSCIA0_IRQHandler                     
0000083d  EUSCIA0_IRQHandler                     
00000811  EUSCIA0_InChar                         
00000cd9  EUSCIA0_InString                       
00000891  EUSCIA0_InUDec                         
00000b8d  EUSCIA0_InUHex                         
000007ad  EUSCIA0_Init                           
00000823  EUSCIA0_OutChar                        
00000873  EUSCIA0_OutString                      
00000915  EUSCIA0_OutUDec                        
00000aa5  EUSCIA0_OutUDec4                       
00000add  EUSCIA0_OutUDec5                       
00000b19  EUSCIA0_OutUFix1                       
00000b41  EUSCIA0_OutUFix2                       
00000c55  EUSCIA0_OutUHex                        
00000cbb  EUSCIA0_OutUHex2                       
00000c99  EUSCIA0outnibble                       
00001a6d  EUSCIA1_IRQHandler                     
0000138d  EUSCIA2_IRQHandler                     
0000138d  EUSCIA2_IRQHandler                     
00001a6d  EUSCIA3_IRQHandler                     
00001a6d  EUSCIB0_IRQHandler                     
00001a6d  EUSCIB1_IRQHandler                     
00001a6d  EUSCIB2_IRQHandler                     
00001a6d  EUSCIB3_IRQHandler                     
00001a6d  FLCTL_IRQHandler                       
00001a6d  FPU_IRQHandler                         
20000658  FinishedTask                           
00001a6d  HardFault_Handler                      
000000e5  LogicAnalyzer                          
000000ef  LogicAnalyzer_P1                       
000001c5  LogicAnalyzer_P10                      
000000fd  LogicAnalyzer_P2                       
000001d3  LogicAnalyzer_P27_P26_P82_P92_P104_P105
0000010b  LogicAnalyzer_P2_7654                  
0000011b  LogicAnalyzer_P3                       
00000129  LogicAnalyzer_P4                       
00000147  LogicAnalyzer_P4_765320                
00000137  LogicAnalyzer_P4_765432                
0000017f  LogicAnalyzer_P5                       
0000020b  LogicAnalyzer_P55_P54_P27_P26_P37_P36  
0000018d  LogicAnalyzer_P6                       
0000019b  LogicAnalyzer_P7                       
000001a9  LogicAnalyzer_P8                       
000001b7  LogicAnalyzer_P9                       
2000068c  LogicData                              
00001a6d  MemManage_Handler                      
20000650  Messagec                               
2000065c  Messageindexc                          
00001a6d  NMI_Handler                            
00001a6d  PCM_IRQHandler                         
00001a6d  PORT1_IRQHandler                       
00001a6d  PORT2_IRQHandler                       
00001a6d  PORT3_IRQHandler                       
00001a6d  PORT4_IRQHandler                       
00001a6d  PORT5_IRQHandler                       
00001a6d  PORT6_IRQHandler                       
00001a6d  PSS_IRQHandler                         
00001a6d  PendSV_Handler                         
20000660  PeriodicTask2                          
000002b9  PeriodicTask2_Init                     
00000333  PeriodicTask2_Stop                     
00001a6d  RTC_C_IRQHandler                       
00001a61  Reset_Handler                          
20000664  Rx0GetI                                
20000668  Rx0PutI                                
20000400  RxFIFO                                 
00001517  RxFifo0_Get                            
000014cd  RxFifo0_Init                           
000014d9  RxFifo0_Put                            
0000154d  RxFifo0_Size                           
2000066c  RxFifoLost                             
000012bd  RxFifo_Get                             
00001265  RxFifo_Init                            
00001277  RxFifo_Put                             
20000670  RxGetI                                 
20000674  RxPutI                                 
00001a6d  SVC_Handler                            
00000235  Scope                                  
00001a6d  SysTick_Handler                        
200006a8  SystemCoreClock                        
00000d65  SystemCoreClockUpdate                  
00000fd9  SystemInit                             
00000323  T32_INT1_IRQHandler                    
00000323  T32_INT1_IRQHandler                    
00001a6d  T32_INT2_IRQHandler                    
00001a6d  T32_INTC_IRQHandler                    
00001743  TA0_0_IRQHandler                       
00001743  TA0_0_IRQHandler                       
00001a6d  TA0_N_IRQHandler                       
000017e7  TA1_0_IRQHandler                       
000017e7  TA1_0_IRQHandler                       
00001a6d  TA1_N_IRQHandler                       
0000188f  TA2_0_IRQHandler                       
0000188f  TA2_0_IRQHandler                       
00001a6d  TA2_N_IRQHandler                       
0000111d  TA3_0_IRQHandler                       
0000111d  TA3_0_IRQHandler                       
00001137  TA3_N_IRQHandler                       
00001137  TA3_N_IRQHandler                       
00000485  TExaS_Clear0                           
00000491  TExaS_Clear1                           
000004a5  TExaS_Clear2                           
000004b1  TExaS_Clear3                           
000004bd  TExaS_Clear4                           
000004bf  TExaS_Clear5                           
000004cb  TExaS_Clear6                           
000005b5  TExaS_Init                             
200006a0  TExaS_ScopeErrConflict                 
2000069c  TExaS_ScopeErrLostData                 
200006a4  TExaS_ScopeWrnReconfig                 
00000413  TExaS_Set                              
0000042b  TExaS_Set0                             
00000437  TExaS_Set1                             
00000443  TExaS_Set2                             
0000044f  TExaS_Set3                             
0000045b  TExaS_Set4                             
0000045d  TExaS_Set5                             
00000475  TExaS_Set6                             
00000741  TExaS_Stop                             
000003c9  TExaS_Task0                            
000003d5  TExaS_Task1                            
000003e1  TExaS_Task2                            
000003ed  TExaS_Task3                            
000003f9  TExaS_Task4                            
000003fb  TExaS_Task5                            
00000407  TExaS_Task6                            
20000678  TimerA0Task                            
000016c9  TimerA0_Init                           
0000172d  TimerA0_Stop                           
2000067c  TimerA1Task                            
00001775  TimerA1_Init                           
000017d3  TimerA1_Stop                           
20000680  TimerA2Task                            
0000181d  TimerA2_Init                           
0000187b  TimerA2_Stop                           
0000109d  TimerA3Capture_Init01                  
00001177  TimerA3Capture_Init02                  
20000684  Tx0GetI                                
20000688  Tx0PutI                                
00001485  TxFifo0_Get                            
00001409  TxFifo0_Init                           
0000143b  TxFifo0_Put                            
000014bb  TxFifo0_Size                           
20000500  TxHistogram                            
000013c1  UART1_FinishOutput                     
0000135f  UART1_InChar                           
000012f3  UART1_InStatus                         
00001303  UART1_Init                             
00001371  UART1_OutChar                          
000013a3  UART1_OutString                        
0000039d  UART_InChar                            
00000343  UART_Init                              
000003ad  UART_OutChar                           
00001a6d  UsageFault_Handler                     
4000480c  WDTCTL_SYM                             
00001a6d  WDT_A_IRQHandler                       
20010000  __STACK_END                            
00000200  __STACK_SIZE                           
00000400  __SYSMEM_SIZE                          
00001aa0  __TI_CINIT_Base                        
00001ab0  __TI_CINIT_Limit                       
00001a8c  __TI_Handler_Table_Base                
00001a98  __TI_Handler_Table_Limit               
000019c9  __TI_auto_init_nobinit_nopinit         
00001961  __TI_decompress_lzss                   
00001a53  __TI_decompress_none                   
ffffffff  __TI_pprof_out_hndl                    
ffffffff  __TI_prof_data_size                    
ffffffff  __TI_prof_data_start                   
00000000  __TI_static_base__                     
00001a41  __TI_zero_init_nomemset                
000018c5  __aeabi_memcpy                         
000018c5  __aeabi_memcpy4                        
000018c5  __aeabi_memcpy8                        
ffffffff  __binit__                              
ffffffff  __c_args__                             
UNDEFED   __mpu_init                             
2000fe00  __stack                                
00001a0d  _c_int00_noargs                        
20000000  _sys_memory                            
UNDEFED   _system_post_cinit                     
00001a6f  _system_pre_init                       
00001a73  abort                                  
ffffffff  binit                                  
00000000  interruptVectors                       
00000d63  main                                   
000018c5  memcpy                                 
00001091  ta3dummy                               


GLOBAL SYMBOLS: SORTED BY Symbol Address 

address   name                                   
-------   ----                                   
00000000  __TI_static_base__                     
00000000  interruptVectors                       
000000e5  LogicAnalyzer                          
000000ef  LogicAnalyzer_P1                       
000000fd  LogicAnalyzer_P2                       
0000010b  LogicAnalyzer_P2_7654                  
0000011b  LogicAnalyzer_P3                       
00000129  LogicAnalyzer_P4                       
00000137  LogicAnalyzer_P4_765432                
00000147  LogicAnalyzer_P4_765320                
0000017f  LogicAnalyzer_P5                       
0000018d  LogicAnalyzer_P6                       
0000019b  LogicAnalyzer_P7                       
000001a9  LogicAnalyzer_P8                       
000001b7  LogicAnalyzer_P9                       
000001c5  LogicAnalyzer_P10                      
000001d3  LogicAnalyzer_P27_P26_P82_P92_P104_P105
00000200  __STACK_SIZE                           
0000020b  LogicAnalyzer_P55_P54_P27_P26_P37_P36  
00000235  Scope                                  
000002b9  PeriodicTask2_Init                     
00000323  T32_INT1_IRQHandler                    
00000323  T32_INT1_IRQHandler                    
00000333  PeriodicTask2_Stop                     
00000343  UART_Init                              
0000039d  UART_InChar                            
000003ad  UART_OutChar                           
000003c9  TExaS_Task0                            
000003d5  TExaS_Task1                            
000003e1  TExaS_Task2                            
000003ed  TExaS_Task3                            
000003f9  TExaS_Task4                            
000003fb  TExaS_Task5                            
00000400  __SYSMEM_SIZE                          
00000407  TExaS_Task6                            
00000413  TExaS_Set                              
0000042b  TExaS_Set0                             
00000437  TExaS_Set1                             
00000443  TExaS_Set2                             
0000044f  TExaS_Set3                             
0000045b  TExaS_Set4                             
0000045d  TExaS_Set5                             
00000475  TExaS_Set6                             
00000485  TExaS_Clear0                           
00000491  TExaS_Clear1                           
000004a5  TExaS_Clear2                           
000004b1  TExaS_Clear3                           
000004bd  TExaS_Clear4                           
000004bf  TExaS_Clear5                           
000004cb  TExaS_Clear6                           
000004f1  ADC_Init                               
000005b5  TExaS_Init                             
00000741  TExaS_Stop                             
000007ad  EUSCIA0_Init                           
00000811  EUSCIA0_InChar                         
00000823  EUSCIA0_OutChar                        
0000083d  EUSCIA0_IRQHandler                     
0000083d  EUSCIA0_IRQHandler                     
00000873  EUSCIA0_OutString                      
00000891  EUSCIA0_InUDec                         
00000915  EUSCIA0_OutUDec                        
00000aa5  EUSCIA0_OutUDec4                       
00000add  EUSCIA0_OutUDec5                       
00000b19  EUSCIA0_OutUFix1                       
00000b41  EUSCIA0_OutUFix2                       
00000b8d  EUSCIA0_InUHex                         
00000c55  EUSCIA0_OutUHex                        
00000c99  EUSCIA0outnibble                       
00000cbb  EUSCIA0_OutUHex2                       
00000cd9  EUSCIA0_InString                       
00000d63  main                                   
00000d65  SystemCoreClockUpdate                  
00000fd9  SystemInit                             
00001091  ta3dummy                               
0000109d  TimerA3Capture_Init01                  
0000111d  TA3_0_IRQHandler                       
0000111d  TA3_0_IRQHandler                       
00001137  TA3_N_IRQHandler                       
00001137  TA3_N_IRQHandler                       
00001177  TimerA3Capture_Init02                  
00001265  RxFifo_Init                            
00001277  RxFifo_Put                             
000012bd  RxFifo_Get                             
000012f3  UART1_InStatus                         
00001303  UART1_Init                             
0000135f  UART1_InChar                           
00001371  UART1_OutChar                          
0000138d  EUSCIA2_IRQHandler                     
0000138d  EUSCIA2_IRQHandler                     
000013a3  UART1_OutString                        
000013c1  UART1_FinishOutput                     
00001409  TxFifo0_Init                           
0000143b  TxFifo0_Put                            
00001485  TxFifo0_Get                            
000014bb  TxFifo0_Size                           
000014cd  RxFifo0_Init                           
000014d9  RxFifo0_Put                            
00001517  RxFifo0_Get                            
0000154d  RxFifo0_Size                           
0000157d  ADC0_InitTA0TriggerCh6                 
0000165f  ADC14_IRQHandler                       
0000165f  ADC14_IRQHandler                       
000016c9  TimerA0_Init                           
0000172d  TimerA0_Stop                           
00001743  TA0_0_IRQHandler                       
00001743  TA0_0_IRQHandler                       
00001775  TimerA1_Init                           
000017d3  TimerA1_Stop                           
000017e7  TA1_0_IRQHandler                       
000017e7  TA1_0_IRQHandler                       
0000181d  TimerA2_Init                           
0000187b  TimerA2_Stop                           
0000188f  TA2_0_IRQHandler                       
0000188f  TA2_0_IRQHandler                       
000018c5  __aeabi_memcpy                         
000018c5  __aeabi_memcpy4                        
000018c5  __aeabi_memcpy8                        
000018c5  memcpy                                 
00001961  __TI_decompress_lzss                   
000019c9  __TI_auto_init_nobinit_nopinit         
00001a0d  _c_int00_noargs                        
00001a41  __TI_zero_init_nomemset                
00001a53  __TI_decompress_none                   
00001a61  Reset_Handler                          
00001a6d  AES256_IRQHandler                      
00001a6d  BusFault_Handler                       
00001a6d  COMP_E0_IRQHandler                     
00001a6d  COMP_E1_IRQHandler                     
00001a6d  CS_IRQHandler                          
00001a6d  DMA_ERR_IRQHandler                     
00001a6d  DMA_INT0_IRQHandler                    
00001a6d  DMA_INT1_IRQHandler                    
00001a6d  DMA_INT2_IRQHandler                    
00001a6d  DMA_INT3_IRQHandler                    
00001a6d  DebugMon_Handler                       
00001a6d  Default_Handler                        
00001a6d  EUSCIA1_IRQHandler                     
00001a6d  EUSCIA3_IRQHandler                     
00001a6d  EUSCIB0_IRQHandler                     
00001a6d  EUSCIB1_IRQHandler                     
00001a6d  EUSCIB2_IRQHandler                     
00001a6d  EUSCIB3_IRQHandler                     
00001a6d  FLCTL_IRQHandler                       
00001a6d  FPU_IRQHandler                         
00001a6d  HardFault_Handler                      
00001a6d  MemManage_Handler                      
00001a6d  NMI_Handler                            
00001a6d  PCM_IRQHandler                         
00001a6d  PORT1_IRQHandler                       
00001a6d  PORT2_IRQHandler                       
00001a6d  PORT3_IRQHandler                       
00001a6d  PORT4_IRQHandler                       
00001a6d  PORT5_IRQHandler                       
00001a6d  PORT6_IRQHandler                       
00001a6d  PSS_IRQHandler                         
00001a6d  PendSV_Handler                         
00001a6d  RTC_C_IRQHandler                       
00001a6d  SVC_Handler                            
00001a6d  SysTick_Handler                        
00001a6d  T32_INT2_IRQHandler                    
00001a6d  T32_INTC_IRQHandler                    
00001a6d  TA0_N_IRQHandler                       
00001a6d  TA1_N_IRQHandler                       
00001a6d  TA2_N_IRQHandler                       
00001a6d  UsageFault_Handler                     
00001a6d  WDT_A_IRQHandler                       
00001a6f  _system_pre_init                       
00001a73  C$$EXIT                                
00001a73  abort                                  
00001a8c  __TI_Handler_Table_Base                
00001a98  __TI_Handler_Table_Limit               
00001aa0  __TI_CINIT_Base                        
00001ab0  __TI_CINIT_Limit                       
20000000  _sys_memory                            
20000400  RxFIFO                                 
20000500  TxHistogram                            
20000650  Messagec                               
20000658  FinishedTask                           
2000065c  Messageindexc                          
20000660  PeriodicTask2                          
20000664  Rx0GetI                                
20000668  Rx0PutI                                
2000066c  RxFifoLost                             
20000670  RxGetI                                 
20000674  RxPutI                                 
20000678  TimerA0Task                            
2000067c  TimerA1Task                            
20000680  TimerA2Task                            
20000684  Tx0GetI                                
20000688  Tx0PutI                                
2000068c  LogicData                              
20000690  CaptureTask0                           
20000694  CaptureTask1                           
20000698  CaptureTask2                           
2000069c  TExaS_ScopeErrLostData                 
200006a0  TExaS_ScopeErrConflict                 
200006a4  TExaS_ScopeWrnReconfig                 
200006a8  SystemCoreClock                        
2000fe00  __stack                                
20010000  __STACK_END                            
4000480c  WDTCTL_SYM                             
ffffffff  __TI_pprof_out_hndl                    
ffffffff  __TI_prof_data_size                    
ffffffff  __TI_prof_data_start                   
ffffffff  __binit__                              
ffffffff  __c_args__                             
ffffffff  binit                                  
UNDEFED   __mpu_init                             
UNDEFED   _system_post_cinit                     

[209 symbols]
