******************************************************************************
                  TI ARM Linker PC v20.2.5                     
******************************************************************************
>> Linked Fri Jun 17 10:06:51 2022

OUTPUT FILE NAME:   <2022LineTracer.out>
ENTRY POINT SYMBOL: "_c_int00_noargs"  address: 00003505


MEMORY CONFIGURATION

         name            origin    length      used     unused   attr    fill
----------------------  --------  ---------  --------  --------  ----  --------
  MAIN                  00000000   00040000  00003911  0003c6ef  R  X
  INFO                  00200000   00004000  00000000  00004000  R  X
  SRAM_CODE             01000000   00010000  00000b6c  0000f494  RW X
  SRAM_DATA             20000000   00010000  00000b6c  0000f494  RW  


SEGMENT ALLOCATION MAP

run origin  load origin   length   init length attrs members
----------  ----------- ---------- ----------- ----- -------
00000000    00000000    00003918   00003918    r-x
  00000000    00000000    000000e4   000000e4    r-- .intvecs
  000000e4    000000e4    0000368c   0000368c    r-x .text
  00003770    00003770    00000101   00000101    r-- .const
  00003878    00003878    000000a0   000000a0    r-- .cinit
20000000    20000000    0000096c   00000000    rw-
  20000000    20000000    00000400   00000000    rw- .sysmem
  20000400    20000400    0000035c   00000000    rw- .bss
  2000075c    2000075c    00000210   00000000    rw- .data
2000fe00    2000fe00    00000200   00000000    rw-
  2000fe00    2000fe00    00000200   00000000    rw- .stack


SECTION ALLOCATION MAP

 output                                  attributes/
section   page    origin      length       input sections
--------  ----  ----------  ----------   ----------------
.intvecs   0    00000000    000000e4     
                  00000000    000000e4     startup_msp432p401r_ccs.obj (.intvecs:retain)

.text      0    000000e4    0000368c     
                  000000e4    00000a4e     rtsv7M4_T_le_v4SPD16_eabi.lib : _printfi.c.obj (.text:__TI_printfi)
                  00000b32    00000002                                   : _lock.c.obj (.text:_nop)
                  00000b34    00000778     main.obj (.text)
                  000012ac    00000334     system_msp432p401r.obj (.text)
                  000015e0    00000270     rtsv7M4_T_le_v4SPD16_eabi.lib : _printfi.c.obj (.text:_pconv_a)
                  00001850    000001e0     Clock.obj (.text)
                  00001a30    000001d0     rtsv7M4_T_le_v4SPD16_eabi.lib : _printfi.c.obj (.text:_pconv_g)
                  00001c00    000001b6                                   : fd_add_t2.asm.obj (.text)
                  00001db6    00000002                                   : div0.asm.obj (.text)
                  00001db8    0000013c                                   : _printfi.c.obj (.text:_pconv_e)
                  00001ef4    00000136                                   : fd_div_t2.asm.obj (.text)
                  0000202a    00000002     --HOLE-- [fill = 0]
                  0000202c    00000124                                   : _printfi.c.obj (.text:fcvt)
                  00002150    00000114                                   : fputs.c.obj (.text:fputs)
                  00002264    00000110                                   : s_scalbn.c.obj (.text:scalbn)
                  00002374    00000100                                   : memory.c.obj (.text:aligned_alloc)
                  00002474    000000fc                                   : fd_mul_t2.asm.obj (.text)
                  00002570    000000e4                                   : memory.c.obj (.text:free)
                  00002654    000000dc                                   : setvbuf.c.obj (.text:setvbuf)
                  00002730    000000b1                                   : _printfi.c.obj (.text:_ltostr)
                  000027e1    00000001     --HOLE-- [fill = 0]
                  000027e2    0000009c                                   : memcpy_t2.asm.obj (.text)
                  0000287e    00000096                                   : ull_div_t2.asm.obj (.text)
                  00002914    0000008c                                   : fputc.c.obj (.text:fputc)
                  000029a0    00000086                                   : fd_cmp_t2.asm.obj (.text:__aeabi_cdcmple)
                  00002a26    00000086                                   : fd_cmp_t2.asm.obj (.text:__aeabi_cdrcmple)
                  00002aac    0000007a                                   : memset_t2.asm.obj (.text)
                  00002b26    00000002     --HOLE-- [fill = 0]
                  00002b28    00000074                                   : fclose.c.obj (.text:__TI_closefile)
                  00002b9c    00000070                                   : memory.c.obj (.text:split)
                  00002c0c    0000006e                                   : _printfi.c.obj (.text:_mcpy)
                  00002c7a    00000002     --HOLE-- [fill = 0]
                  00002c7c    0000006c                                   : hostrename.c.obj (.text:HOSTrename)
                  00002ce8    00000068                                   : hostlseek.c.obj (.text:HOSTlseek)
                  00002d50    00000068                                   : copy_decompress_lzss.c.obj (.text:decompress:lzss:__TI_decompress_lzss)
                  00002db8    00000068                                   : printf.c.obj (.text:printf)
                  00002e20    00000064                                   : s_frexp.c.obj (.text:frexp)
                  00002e84    00000064                                   : fseek.c.obj (.text:fseek)
                  00002ee8    00000062                                   : _io_perm.c.obj (.text:__TI_wrt_ok)
                  00002f4a    00000002     --HOLE-- [fill = 0]
                  00002f4c    00000060                                   : hostopen.c.obj (.text:HOSTopen)
                  00002fac    0000005c                                   : close.c.obj (.text:close)
                  00003008    00000058                                   : hostread.c.obj (.text:HOSTread)
                  00003060    00000058                                   : hostwrite.c.obj (.text:HOSTwrite)
                  000030b8    00000056                                   : _printfi.c.obj (.text:_pconv_f)
                  0000310e    00000054                                   : _ltoa.c.obj (.text:__TI_ltoa)
                  00003162    00000052                                   : _printfi.c.obj (.text:_ecpy)
                  000031b4    0000004c                                   : fflush.c.obj (.text:__TI_doflush)
                  00003200    0000004c                                   : atoi.c.obj (.text:atoi)
                  0000324c    00000048                                   : exit.c.obj (.text:exit)
                  00003294    00000048                                   : fd_toi_t2.asm.obj (.text)
                  000032dc    00000044                                   : hostclose.c.obj (.text:HOSTclose)
                  00003320    00000044                                   : hostunlink.c.obj (.text:HOSTunlink)
                  00003364    00000044                                   : autoinit.c.obj (.text:__TI_auto_init_nobinit_nopinit:__TI_auto_init_nobinit_nopinit)
                  000033a8    00000044                                   : getdevice.c.obj (.text:getdevice)
                  000033ec    0000003e                                   : _printfi.c.obj (.text:_fcpy)
                  0000342a    00000002     --HOLE-- [fill = 0]
                  0000342c    00000038                                   : trgmsg.c.obj (.text:__TI_writemsg)
                  00003464    00000036                                   : strncpy.c.obj (.text:strncpy)
                  0000349a    00000002     --HOLE-- [fill = 0]
                  0000349c    00000034                                   : fopen.c.obj (.text:__TI_cleanup)
                  000034d0    00000034                                   : trgmsg.c.obj (.text:__TI_readmsg)
                  00003504    00000034                                   : boot_cortex_m.c.obj (.text:_c_int00_noargs:_c_int00_noargs)
                  00003538    00000030                                   : getdevice.c.obj (.text:finddevice)
                  00003568    0000002e                                   : i_tofd_t2.asm.obj (.text)
                  00003596    00000002     --HOLE-- [fill = 0]
                  00003598    0000002c                                   : unlink.c.obj (.text:unlink)
                  000035c4    00000028                                   : memory.c.obj (.text:free_list_insert)
                  000035ec    00000028                                   : lseek.c.obj (.text:lseek)
                  00003614    00000028                                   : write.c.obj (.text:write)
                  0000363c    00000020                                   : memchr.c.obj (.text:memchr)
                  0000365c    0000001c                                   : copy_zero_init.c.obj (.text:decompress:ZI:__TI_zero_init_nomemset:__TI_zero_init_nomemset)
                  00003678    0000001c                                   : memory.c.obj (.text:free_list_remove)
                  00003694    0000001c                                   : memccpy.c.obj (.text:memccpy)
                  000036b0    0000001a                                   : s_copysign.c.obj (.text:copysign)
                  000036ca    00000018                                   : strcmp.c.obj (.text:strcmp)
                  000036e2    00000016                                   : strchr.c.obj (.text:strchr)
                  000036f8    00000014                                   : strcpy.c.obj (.text:strcpy)
                  0000370c    00000014                                   : strlen.c.obj (.text:strlen)
                  00003720    00000012                                   : wcslen.c.obj (.text:wcslen)
                  00003732    0000000e                                   : copy_decompress_none.c.obj (.text:decompress:none:__TI_decompress_none)
                  00003740    0000000e     startup_msp432p401r_ccs.obj (.text)
                  0000374e    00000002     --HOLE-- [fill = 0]
                  00003750    00000008     rtsv7M4_T_le_v4SPD16_eabi.lib : errno.c.obj (.text:__aeabi_errno_addr)
                  00003758    00000008                                   : memory.c.obj (.text:malloc)
                  00003760    00000004                                   : printf.c.obj (.text:_outc)
                  00003764    00000004                                   : printf.c.obj (.text:_outs)
                  00003768    00000004                                   : pre_init.c.obj (.text:_system_pre_init)
                  0000376c    00000004                                   : exit.c.obj (.text:abort:abort)

.const     0    00003770    00000101     
                  00003770    00000101     rtsv7M4_T_le_v4SPD16_eabi.lib : ctype.c.obj (.const:.string:_ctypes_)

.cinit     0    00003878    000000a0     
                  00003878    00000078     (.cinit..data.load) [load image, compression = lzss]
                  000038f0    0000000c     (__TI_handler_table)
                  000038fc    00000004     --HOLE-- [fill = 0]
                  00003900    00000008     (.cinit..bss.load) [load image, compression = zero_init]
                  00003908    00000010     (__TI_cinit_table)

.init_array 
*          0    00000000    00000000     UNINITIALIZED

.binit     0    00000000    00000000     

.sysmem    0    20000000    00000400     UNINITIALIZED
                  20000000    00000010     rtsv7M4_T_le_v4SPD16_eabi.lib : memory.c.obj (.sysmem)
                  20000010    000003f0     --HOLE--

.bss       0    20000400    0000035c     UNINITIALIZED
                  20000400    00000190     (.common:stack)
                  20000590    00000120     rtsv7M4_T_le_v4SPD16_eabi.lib : trgmsg.c.obj (.bss:_CIOBUF_)
                  200006b0    000000a0     (.common:__TI_tmpnams)
                  20000750    00000008     (.common:parmbuf)
                  20000758    00000004     (.common:TimerA0Task)

.data      0    2000075c    00000210     UNINITIALIZED
                  2000075c    000000f0     rtsv7M4_T_le_v4SPD16_eabi.lib : defs.c.obj (.data:_ftable)
                  2000084c    00000078                                   : host_device.c.obj (.data:_device)
                  200008c4    00000050                                   : host_device.c.obj (.data:_stream)
                  20000914    00000018     Clock.obj (.data)
                  2000092c    00000010     rtsv7M4_T_le_v4SPD16_eabi.lib : defs.c.obj (.data)
                  2000093c    0000000c                                   : exit.c.obj (.data:$O1$$)
                  20000948    0000000c     main.obj (.data)
                  20000954    00000008     rtsv7M4_T_le_v4SPD16_eabi.lib : _lock.c.obj (.data:$O1$$)
                  2000095c    00000008                                   : memory.c.obj (.data:$O1$$)
                  20000964    00000004                                   : errno.c.obj (.data)
                  20000968    00000004     system_msp432p401r.obj (.data)

.stack     0    2000fe00    00000200     UNINITIALIZED
                  2000fe00    00000004     rtsv7M4_T_le_v4SPD16_eabi.lib : boot_cortex_m.c.obj (.stack)
                  2000fe04    000001fc     --HOLE--

__llvm_prf_cnts 
*          0    20000000    00000000     UNINITIALIZED

MODULE SUMMARY

       Module                        code    ro data   rw data
       ------                        ----    -------   -------
    .\
       main.obj                      1912    0         832    
       system_msp432p401r.obj        820     0         8      
       Clock.obj                     480     0         48     
       startup_msp432p401r_ccs.obj   14      228       0      
    +--+-----------------------------+-------+---------+---------+
       Total:                        3226    228       888    
                                                              
    C:\ti\ccs1120\ccs\tools\compiler\ti-cgt-arm_20.2.5.LTS\lib\rtsv7M4_T_le_v4SPD16_eabi.lib
       _printfi.c.obj                4851    0         0      
       defs.c.obj                    0       0         832    
       memory.c.obj                  672     0         16     
       trgmsg.c.obj                  108     0         576    
       fd_add_t2.asm.obj             438     0         0      
       host_device.c.obj             0       0         400    
       fd_div_t2.asm.obj             310     0         0      
       fputs.c.obj                   276     0         0      
       s_scalbn.c.obj                272     0         0      
       fd_cmp_t2.asm.obj             268     0         0      
       ctype.c.obj                   0       257       0      
       fd_mul_t2.asm.obj             252     0         0      
       setvbuf.c.obj                 220     0         0      
       memcpy_t2.asm.obj             156     0         0      
       ull_div_t2.asm.obj            150     0         0      
       fputc.c.obj                   140     0         0      
       memset_t2.asm.obj             122     0         0      
       fclose.c.obj                  116     0         0      
       getdevice.c.obj               116     0         0      
       hostopen.c.obj                96      0         16     
       printf.c.obj                  112     0         0      
       hostrename.c.obj              108     0         0      
       copy_decompress_lzss.c.obj    104     0         0      
       hostlseek.c.obj               104     0         0      
       exit.c.obj                    76      0         24     
       fseek.c.obj                   100     0         0      
       s_frexp.c.obj                 100     0         0      
       _io_perm.c.obj                98      0         0      
       close.c.obj                   92      0         0      
       hostread.c.obj                88      0         0      
       hostwrite.c.obj               88      0         0      
       _ltoa.c.obj                   84      0         0      
       atoi.c.obj                    76      0         0      
       fflush.c.obj                  76      0         0      
       fd_toi_t2.asm.obj             72      0         0      
       autoinit.c.obj                68      0         0      
       hostclose.c.obj               68      0         0      
       hostunlink.c.obj              68      0         0      
       strncpy.c.obj                 54      0         0      
       boot_cortex_m.c.obj           52      0         0      
       fopen.c.obj                   52      0         0      
       i_tofd_t2.asm.obj             46      0         0      
       unlink.c.obj                  44      0         0      
       lseek.c.obj                   40      0         0      
       write.c.obj                   40      0         0      
       memchr.c.obj                  32      0         0      
       copy_zero_init.c.obj          28      0         0      
       memccpy.c.obj                 28      0         0      
       s_copysign.c.obj              26      0         0      
       strcmp.c.obj                  24      0         0      
       strchr.c.obj                  22      0         0      
       strcpy.c.obj                  20      0         0      
       strlen.c.obj                  20      0         0      
       _lock.c.obj                   2       0         16     
       wcslen.c.obj                  18      0         0      
       errno.c.obj                   8       0         8      
       copy_decompress_none.c.obj    14      0         0      
       pre_init.c.obj                4       0         0      
       div0.asm.obj                  2       0         0      
    +--+-----------------------------+-------+---------+---------+
       Total:                        10721   257       1888   
                                                              
       Heap:                         0       0         2048   
       Stack:                        0       0         1024   
       Linker Generated:             0       156       0      
    +--+-----------------------------+-------+---------+---------+
       Grand Total:                  13947   641       5848   


LINKER GENERATED COPY TABLES

__TI_cinit_table @ 00003908 records: 2, size/record: 8, table size: 16
	.data: load addr=00003878, load size=00000078 bytes, run addr=2000075c, run size=00000210 bytes, compression=lzss
	.bss: load addr=00003900, load size=00000008 bytes, run addr=20000400, run size=0000035c bytes, compression=zero_init


LINKER GENERATED HANDLER TABLE

__TI_handler_table @ 000038f0 records: 3, size/record: 4, table size: 12
	index: 0, handler: __TI_decompress_lzss
	index: 1, handler: __TI_decompress_none
	index: 2, handler: __TI_zero_init


GLOBAL SYMBOLS: SORTED ALPHABETICALLY BY Name 

address   name                           
-------   ----                           
0000374d  ADC14_IRQHandler               
0000374d  AES256_IRQHandler              
0000374d  BusFault_Handler               
0000376d  C$$EXIT                        
0000345b  C$$IO$$                        
0000374d  COMP_E0_IRQHandler             
0000374d  COMP_E1_IRQHandler             
2000091c  CPMwait                        
0000374d  CS_IRQHandler                  
20000914  ClockFrequency                 
000019a5  Clock_Delay1ms                 
0000197b  Clock_Delay1us                 
00001967  Clock_GetFreq                  
00001851  Clock_Init48MHz                
20000928  Crystalstable                  
0000374d  DMA_ERR_IRQHandler             
0000374d  DMA_INT0_IRQHandler            
0000374d  DMA_INT1_IRQHandler            
0000374d  DMA_INT2_IRQHandler            
0000374d  DMA_INT3_IRQHandler            
0000374d  DebugMon_Handler               
0000374d  Default_Handler                
0000374d  EUSCIA0_IRQHandler             
0000374d  EUSCIA1_IRQHandler             
0000374d  EUSCIA2_IRQHandler             
0000374d  EUSCIA3_IRQHandler             
0000374d  EUSCIB0_IRQHandler             
0000374d  EUSCIB1_IRQHandler             
0000374d  EUSCIB2_IRQHandler             
0000374d  EUSCIB3_IRQHandler             
0000374d  FLCTL_IRQHandler               
0000374d  FPU_IRQHandler                 
00000d1f  Go                             
000032dd  HOSTclose                      
00002ce9  HOSTlseek                      
00002f4d  HOSTopen                       
00003009  HOSTread                       
00002c7d  HOSTrename                     
00003321  HOSTunlink                     
00003061  HOSTwrite                      
0000374d  HardFault_Handler              
20000924  IFlags                         
00000ca3  Left_Backward                  
00000c97  Left_Forward                   
0000374d  MemManage_Handler              
00000c0f  Motor_Init                     
00000cef  Move                           
0000374d  NMI_Handler                    
0000374d  PCM_IRQHandler                 
0000374d  PORT1_IRQHandler               
0000374d  PORT2_IRQHandler               
0000374d  PORT3_IRQHandler               
0000374d  PORT4_IRQHandler               
0000374d  PORT5_IRQHandler               
0000374d  PORT6_IRQHandler               
0000374d  PSS_IRQHandler                 
00000cc7  PWM_Duty3                      
00000cdb  PWM_Duty4                      
00000ba1  PWM_Init34                     
0000374d  PendSV_Handler                 
00000e91  Pop                            
20000920  Postwait                       
20000918  Prewait                        
00000e4d  Push                           
0000374d  RTC_C_IRQHandler               
00003741  Reset_Handler                  
00000cbb  Right_Backward                 
00000caf  Right_Forward                  
0000374d  SVC_Handler                    
0000374d  SysTick_Handler                
20000968  SystemCoreClock                
000012ad  SystemCoreClockUpdate          
00001525  SystemInit                     
0000374d  T32_INT1_IRQHandler            
0000374d  T32_INT2_IRQHandler            
0000374d  T32_INTC_IRQHandler            
0000374d  TA0_0_IRQHandler               
0000374d  TA0_N_IRQHandler               
0000374d  TA1_0_IRQHandler               
0000374d  TA1_N_IRQHandler               
00000b8d  TA2_0_IRQHandler               
00000b8d  TA2_0_IRQHandler               
0000374d  TA2_N_IRQHandler               
0000374d  TA3_0_IRQHandler               
0000374d  TA3_N_IRQHandler               
20000758  TimerA0Task                    
00000b35  TimerA0_Init                   
0000374d  UsageFault_Handler             
4000480c  WDTCTL_SYM                     
0000374d  WDT_A_IRQHandler               
20000590  __CIOBUF_                      
20010000  __STACK_END                    
00000200  __STACK_SIZE                   
00000400  __SYSMEM_SIZE                  
00003908  __TI_CINIT_Base                
00003918  __TI_CINIT_Limit               
000038f0  __TI_Handler_Table_Base        
000038fc  __TI_Handler_Table_Limit       
00003365  __TI_auto_init_nobinit_nopinit 
0000349d  __TI_cleanup                   
2000093c  __TI_cleanup_ptr               
00002b29  __TI_closefile                 
00002d51  __TI_decompress_lzss           
00003733  __TI_decompress_none           
000031b5  __TI_doflush                   
20000940  __TI_dtors_ptr                 
20000944  __TI_enable_exit_profile_output
2000092c  __TI_ft_end                    
0000310f  __TI_ltoa                      
ffffffff  __TI_pprof_out_hndl            
000000e5  __TI_printfi                   
ffffffff  __TI_prof_data_size            
ffffffff  __TI_prof_data_start           
000034d1  __TI_readmsg                   
00000000  __TI_static_base__             
200006b0  __TI_tmpnams                   
0000342d  __TI_writemsg                  
00002ee9  __TI_wrt_ok                    
0000365d  __TI_zero_init_nomemset        
000029a1  __aeabi_cdcmpeq                
000029a1  __aeabi_cdcmple                
00002a27  __aeabi_cdrcmple               
00003295  __aeabi_d2iz                   
00001c0b  __aeabi_dadd                   
00001ef5  __aeabi_ddiv                   
00002475  __aeabi_dmul                   
00001c01  __aeabi_dsub                   
00003751  __aeabi_errno_addr             
00003569  __aeabi_i2d                    
00001db7  __aeabi_idiv0                  
00001db7  __aeabi_ldiv0                  
00002aad  __aeabi_memclr                 
00002aad  __aeabi_memclr4                
00002aad  __aeabi_memclr8                
000027e3  __aeabi_memcpy                 
000027e3  __aeabi_memcpy4                
000027e3  __aeabi_memcpy8                
00002aaf  __aeabi_memset                 
00002aaf  __aeabi_memset4                
00002aaf  __aeabi_memset8                
20000938  __aeabi_stderr                 
20000930  __aeabi_stdin                  
20000934  __aeabi_stdout                 
0000287f  __aeabi_uldivmod               
ffffffff  __binit__                      
ffffffff  __c_args__                     
UNDEFED   __mpu_init                     
2000fe00  __stack                        
20000000  __start___llvm_prf_cnts        
20000000  __stop___llvm_prf_cnts         
00003505  _c_int00_noargs                
00003770  _ctypes_                       
2000084c  _device                        
2000075c  _ftable                        
20000954  _lock                          
00000b33  _nop                           
200008c4  _stream                        
20000000  _sys_memory                    
UNDEFED   _system_post_cinit             
00003769  _system_pre_init               
20000958  _unlock                        
0000376d  abort                          
00002375  aligned_alloc                  
00003201  atoi                           
ffffffff  binit                          
00002fad  close                          
000036b1  copysign                       
000036b1  copysignl                      
0000196d  delay                          
20000950  direction                      
20000964  errno                          
0000324d  exit                           
00003539  finddevice                     
00002915  fputc                          
00002151  fputs                          
00002571  free                           
00002e21  frexp                          
00002e21  frexpl                         
00002e85  fseek                          
000033a9  getdevice                      
00000000  interruptVectors               
00002265  ldexp                          
00002265  ldexpl                         
000035ed  lseek                          
00000f71  main                           
00003759  malloc                         
00002375  memalign                       
00003695  memccpy                        
0000363d  memchr                         
000027e3  memcpy                         
00002ab5  memset                         
20000750  parmbuf                        
2000094c  pop                            
00002db9  printf                         
00002915  putc                           
00003599  remove                         
00002265  scalbn                         
00002265  scalbnl                        
00002655  setvbuf                        
20000400  stack                          
000036e3  strchr                         
000036cb  strcmp                         
000036f9  strcpy                         
0000370d  strlen                         
00003465  strncpy                        
00000d15  task                           
20000948  top                            
00003599  unlink                         
00003721  wcslen                         
00003615  write                          


GLOBAL SYMBOLS: SORTED BY Symbol Address 

address   name                           
-------   ----                           
00000000  __TI_static_base__             
00000000  interruptVectors               
000000e5  __TI_printfi                   
00000200  __STACK_SIZE                   
00000400  __SYSMEM_SIZE                  
00000b33  _nop                           
00000b35  TimerA0_Init                   
00000b8d  TA2_0_IRQHandler               
00000b8d  TA2_0_IRQHandler               
00000ba1  PWM_Init34                     
00000c0f  Motor_Init                     
00000c97  Left_Forward                   
00000ca3  Left_Backward                  
00000caf  Right_Forward                  
00000cbb  Right_Backward                 
00000cc7  PWM_Duty3                      
00000cdb  PWM_Duty4                      
00000cef  Move                           
00000d15  task                           
00000d1f  Go                             
00000e4d  Push                           
00000e91  Pop                            
00000f71  main                           
000012ad  SystemCoreClockUpdate          
00001525  SystemInit                     
00001851  Clock_Init48MHz                
00001967  Clock_GetFreq                  
0000196d  delay                          
0000197b  Clock_Delay1us                 
000019a5  Clock_Delay1ms                 
00001c01  __aeabi_dsub                   
00001c0b  __aeabi_dadd                   
00001db7  __aeabi_idiv0                  
00001db7  __aeabi_ldiv0                  
00001ef5  __aeabi_ddiv                   
00002151  fputs                          
00002265  ldexp                          
00002265  ldexpl                         
00002265  scalbn                         
00002265  scalbnl                        
00002375  aligned_alloc                  
00002375  memalign                       
00002475  __aeabi_dmul                   
00002571  free                           
00002655  setvbuf                        
000027e3  __aeabi_memcpy                 
000027e3  __aeabi_memcpy4                
000027e3  __aeabi_memcpy8                
000027e3  memcpy                         
0000287f  __aeabi_uldivmod               
00002915  fputc                          
00002915  putc                           
000029a1  __aeabi_cdcmpeq                
000029a1  __aeabi_cdcmple                
00002a27  __aeabi_cdrcmple               
00002aad  __aeabi_memclr                 
00002aad  __aeabi_memclr4                
00002aad  __aeabi_memclr8                
00002aaf  __aeabi_memset                 
00002aaf  __aeabi_memset4                
00002aaf  __aeabi_memset8                
00002ab5  memset                         
00002b29  __TI_closefile                 
00002c7d  HOSTrename                     
00002ce9  HOSTlseek                      
00002d51  __TI_decompress_lzss           
00002db9  printf                         
00002e21  frexp                          
00002e21  frexpl                         
00002e85  fseek                          
00002ee9  __TI_wrt_ok                    
00002f4d  HOSTopen                       
00002fad  close                          
00003009  HOSTread                       
00003061  HOSTwrite                      
0000310f  __TI_ltoa                      
000031b5  __TI_doflush                   
00003201  atoi                           
0000324d  exit                           
00003295  __aeabi_d2iz                   
000032dd  HOSTclose                      
00003321  HOSTunlink                     
00003365  __TI_auto_init_nobinit_nopinit 
000033a9  getdevice                      
0000342d  __TI_writemsg                  
0000345b  C$$IO$$                        
00003465  strncpy                        
0000349d  __TI_cleanup                   
000034d1  __TI_readmsg                   
00003505  _c_int00_noargs                
00003539  finddevice                     
00003569  __aeabi_i2d                    
00003599  remove                         
00003599  unlink                         
000035ed  lseek                          
00003615  write                          
0000363d  memchr                         
0000365d  __TI_zero_init_nomemset        
00003695  memccpy                        
000036b1  copysign                       
000036b1  copysignl                      
000036cb  strcmp                         
000036e3  strchr                         
000036f9  strcpy                         
0000370d  strlen                         
00003721  wcslen                         
00003733  __TI_decompress_none           
00003741  Reset_Handler                  
0000374d  ADC14_IRQHandler               
0000374d  AES256_IRQHandler              
0000374d  BusFault_Handler               
0000374d  COMP_E0_IRQHandler             
0000374d  COMP_E1_IRQHandler             
0000374d  CS_IRQHandler                  
0000374d  DMA_ERR_IRQHandler             
0000374d  DMA_INT0_IRQHandler            
0000374d  DMA_INT1_IRQHandler            
0000374d  DMA_INT2_IRQHandler            
0000374d  DMA_INT3_IRQHandler            
0000374d  DebugMon_Handler               
0000374d  Default_Handler                
0000374d  EUSCIA0_IRQHandler             
0000374d  EUSCIA1_IRQHandler             
0000374d  EUSCIA2_IRQHandler             
0000374d  EUSCIA3_IRQHandler             
0000374d  EUSCIB0_IRQHandler             
0000374d  EUSCIB1_IRQHandler             
0000374d  EUSCIB2_IRQHandler             
0000374d  EUSCIB3_IRQHandler             
0000374d  FLCTL_IRQHandler               
0000374d  FPU_IRQHandler                 
0000374d  HardFault_Handler              
0000374d  MemManage_Handler              
0000374d  NMI_Handler                    
0000374d  PCM_IRQHandler                 
0000374d  PORT1_IRQHandler               
0000374d  PORT2_IRQHandler               
0000374d  PORT3_IRQHandler               
0000374d  PORT4_IRQHandler               
0000374d  PORT5_IRQHandler               
0000374d  PORT6_IRQHandler               
0000374d  PSS_IRQHandler                 
0000374d  PendSV_Handler                 
0000374d  RTC_C_IRQHandler               
0000374d  SVC_Handler                    
0000374d  SysTick_Handler                
0000374d  T32_INT1_IRQHandler            
0000374d  T32_INT2_IRQHandler            
0000374d  T32_INTC_IRQHandler            
0000374d  TA0_0_IRQHandler               
0000374d  TA0_N_IRQHandler               
0000374d  TA1_0_IRQHandler               
0000374d  TA1_N_IRQHandler               
0000374d  TA2_N_IRQHandler               
0000374d  TA3_0_IRQHandler               
0000374d  TA3_N_IRQHandler               
0000374d  UsageFault_Handler             
0000374d  WDT_A_IRQHandler               
00003751  __aeabi_errno_addr             
00003759  malloc                         
00003769  _system_pre_init               
0000376d  C$$EXIT                        
0000376d  abort                          
00003770  _ctypes_                       
000038f0  __TI_Handler_Table_Base        
000038fc  __TI_Handler_Table_Limit       
00003908  __TI_CINIT_Base                
00003918  __TI_CINIT_Limit               
20000000  __start___llvm_prf_cnts        
20000000  __stop___llvm_prf_cnts         
20000000  _sys_memory                    
20000400  stack                          
20000590  __CIOBUF_                      
200006b0  __TI_tmpnams                   
20000750  parmbuf                        
20000758  TimerA0Task                    
2000075c  _ftable                        
2000084c  _device                        
200008c4  _stream                        
20000914  ClockFrequency                 
20000918  Prewait                        
2000091c  CPMwait                        
20000920  Postwait                       
20000924  IFlags                         
20000928  Crystalstable                  
2000092c  __TI_ft_end                    
20000930  __aeabi_stdin                  
20000934  __aeabi_stdout                 
20000938  __aeabi_stderr                 
2000093c  __TI_cleanup_ptr               
20000940  __TI_dtors_ptr                 
20000944  __TI_enable_exit_profile_output
20000948  top                            
2000094c  pop                            
20000950  direction                      
20000954  _lock                          
20000958  _unlock                        
20000964  errno                          
20000968  SystemCoreClock                
2000fe00  __stack                        
20010000  __STACK_END                    
4000480c  WDTCTL_SYM                     
ffffffff  __TI_pprof_out_hndl            
ffffffff  __TI_prof_data_size            
ffffffff  __TI_prof_data_start           
ffffffff  __binit__                      
ffffffff  __c_args__                     
ffffffff  binit                          
UNDEFED   __mpu_init                     
UNDEFED   _system_post_cinit             

[210 symbols]
