<?xml version="1.0" encoding="ISO-8859-1" ?>
<link_info>
   <banner>TI ARM Linker PC v20.2.5.LTS</banner>
   <copyright>Copyright (c) 1996-2018 Texas Instruments Incorporated</copyright>
   <link_time>0x62abd3ab</link_time>
   <link_errors>0x0</link_errors>
   <output_file>2022LineTracer.out</output_file>
   <entry_point>
      <name>_c_int00_noargs</name>
      <address>0x3505</address>
   </entry_point>
   <input_file_list>
      <input_file id="fl-2">
         <path>.\</path>
         <kind>object</kind>
         <file>Clock.obj</file>
         <name>Clock.obj</name>
      </input_file>
      <input_file id="fl-3">
         <path>.\</path>
         <kind>object</kind>
         <file>SysTick.obj</file>
         <name>SysTick.obj</name>
      </input_file>
      <input_file id="fl-4">
         <path>.\</path>
         <kind>object</kind>
         <file>main.obj</file>
         <name>main.obj</name>
      </input_file>
      <input_file id="fl-5">
         <path>.\</path>
         <kind>object</kind>
         <file>startup_msp432p401r_ccs.obj</file>
         <name>startup_msp432p401r_ccs.obj</name>
      </input_file>
      <input_file id="fl-6">
         <path>.\</path>
         <kind>object</kind>
         <file>system_msp432p401r.obj</file>
         <name>system_msp432p401r.obj</name>
      </input_file>
      <input_file id="fl-a">
         <kind>object</kind>
         <file>&lt;internal&gt;</file>
         <name>&lt;internal&gt;</name>
      </input_file>
      <input_file id="fl-c0">
         <path>C:\ti\ccs1120\ccs\tools\compiler\ti-cgt-arm_20.2.5.LTS\lib\</path>
         <kind>archive</kind>
         <file>rtsv7M4_T_le_v4SPD16_eabi.lib</file>
         <name>printf.c.obj</name>
      </input_file>
      <input_file id="fl-c1">
         <path>C:\ti\ccs1120\ccs\tools\compiler\ti-cgt-arm_20.2.5.LTS\lib\</path>
         <kind>archive</kind>
         <file>rtsv7M4_T_le_v4SPD16_eabi.lib</file>
         <name>_printfi.c.obj</name>
      </input_file>
      <input_file id="fl-c2">
         <path>C:\ti\ccs1120\ccs\tools\compiler\ti-cgt-arm_20.2.5.LTS\lib\</path>
         <kind>archive</kind>
         <file>rtsv7M4_T_le_v4SPD16_eabi.lib</file>
         <name>fputc.c.obj</name>
      </input_file>
      <input_file id="fl-c3">
         <path>C:\ti\ccs1120\ccs\tools\compiler\ti-cgt-arm_20.2.5.LTS\lib\</path>
         <kind>archive</kind>
         <file>rtsv7M4_T_le_v4SPD16_eabi.lib</file>
         <name>fputs.c.obj</name>
      </input_file>
      <input_file id="fl-c4">
         <path>C:\ti\ccs1120\ccs\tools\compiler\ti-cgt-arm_20.2.5.LTS\lib\</path>
         <kind>archive</kind>
         <file>rtsv7M4_T_le_v4SPD16_eabi.lib</file>
         <name>_io_perm.c.obj</name>
      </input_file>
      <input_file id="fl-c5">
         <path>C:\ti\ccs1120\ccs\tools\compiler\ti-cgt-arm_20.2.5.LTS\lib\</path>
         <kind>archive</kind>
         <file>rtsv7M4_T_le_v4SPD16_eabi.lib</file>
         <name>setvbuf.c.obj</name>
      </input_file>
      <input_file id="fl-c6">
         <path>C:\ti\ccs1120\ccs\tools\compiler\ti-cgt-arm_20.2.5.LTS\lib\</path>
         <kind>archive</kind>
         <file>rtsv7M4_T_le_v4SPD16_eabi.lib</file>
         <name>s_frexp.c.obj</name>
      </input_file>
      <input_file id="fl-c7">
         <path>C:\ti\ccs1120\ccs\tools\compiler\ti-cgt-arm_20.2.5.LTS\lib\</path>
         <kind>archive</kind>
         <file>rtsv7M4_T_le_v4SPD16_eabi.lib</file>
         <name>s_scalbn.c.obj</name>
      </input_file>
      <input_file id="fl-c8">
         <path>C:\ti\ccs1120\ccs\tools\compiler\ti-cgt-arm_20.2.5.LTS\lib\</path>
         <kind>archive</kind>
         <file>rtsv7M4_T_le_v4SPD16_eabi.lib</file>
         <name>wcslen.c.obj</name>
      </input_file>
      <input_file id="fl-c9">
         <path>C:\ti\ccs1120\ccs\tools\compiler\ti-cgt-arm_20.2.5.LTS\lib\</path>
         <kind>archive</kind>
         <file>rtsv7M4_T_le_v4SPD16_eabi.lib</file>
         <name>fd_add_t2.asm.obj</name>
      </input_file>
      <input_file id="fl-ca">
         <path>C:\ti\ccs1120\ccs\tools\compiler\ti-cgt-arm_20.2.5.LTS\lib\</path>
         <kind>archive</kind>
         <file>rtsv7M4_T_le_v4SPD16_eabi.lib</file>
         <name>fd_cmp_t2.asm.obj</name>
      </input_file>
      <input_file id="fl-cb">
         <path>C:\ti\ccs1120\ccs\tools\compiler\ti-cgt-arm_20.2.5.LTS\lib\</path>
         <kind>archive</kind>
         <file>rtsv7M4_T_le_v4SPD16_eabi.lib</file>
         <name>fd_div_t2.asm.obj</name>
      </input_file>
      <input_file id="fl-cc">
         <path>C:\ti\ccs1120\ccs\tools\compiler\ti-cgt-arm_20.2.5.LTS\lib\</path>
         <kind>archive</kind>
         <file>rtsv7M4_T_le_v4SPD16_eabi.lib</file>
         <name>fd_mul_t2.asm.obj</name>
      </input_file>
      <input_file id="fl-cd">
         <path>C:\ti\ccs1120\ccs\tools\compiler\ti-cgt-arm_20.2.5.LTS\lib\</path>
         <kind>archive</kind>
         <file>rtsv7M4_T_le_v4SPD16_eabi.lib</file>
         <name>fd_toi_t2.asm.obj</name>
      </input_file>
      <input_file id="fl-ce">
         <path>C:\ti\ccs1120\ccs\tools\compiler\ti-cgt-arm_20.2.5.LTS\lib\</path>
         <kind>archive</kind>
         <file>rtsv7M4_T_le_v4SPD16_eabi.lib</file>
         <name>i_tofd_t2.asm.obj</name>
      </input_file>
      <input_file id="fl-cf">
         <path>C:\ti\ccs1120\ccs\tools\compiler\ti-cgt-arm_20.2.5.LTS\lib\</path>
         <kind>archive</kind>
         <file>rtsv7M4_T_le_v4SPD16_eabi.lib</file>
         <name>memcpy_t2.asm.obj</name>
      </input_file>
      <input_file id="fl-d0">
         <path>C:\ti\ccs1120\ccs\tools\compiler\ti-cgt-arm_20.2.5.LTS\lib\</path>
         <kind>archive</kind>
         <file>rtsv7M4_T_le_v4SPD16_eabi.lib</file>
         <name>ull_div_t2.asm.obj</name>
      </input_file>
      <input_file id="fl-d1">
         <path>C:\ti\ccs1120\ccs\tools\compiler\ti-cgt-arm_20.2.5.LTS\lib\</path>
         <kind>archive</kind>
         <file>rtsv7M4_T_le_v4SPD16_eabi.lib</file>
         <name>memset_t2.asm.obj</name>
      </input_file>
      <input_file id="fl-d2">
         <path>C:\ti\ccs1120\ccs\tools\compiler\ti-cgt-arm_20.2.5.LTS\lib\</path>
         <kind>archive</kind>
         <file>rtsv7M4_T_le_v4SPD16_eabi.lib</file>
         <name>copy_zero_init.c.obj</name>
      </input_file>
      <input_file id="fl-d3">
         <path>C:\ti\ccs1120\ccs\tools\compiler\ti-cgt-arm_20.2.5.LTS\lib\</path>
         <kind>archive</kind>
         <file>rtsv7M4_T_le_v4SPD16_eabi.lib</file>
         <name>copy_decompress_none.c.obj</name>
      </input_file>
      <input_file id="fl-d4">
         <path>C:\ti\ccs1120\ccs\tools\compiler\ti-cgt-arm_20.2.5.LTS\lib\</path>
         <kind>archive</kind>
         <file>rtsv7M4_T_le_v4SPD16_eabi.lib</file>
         <name>copy_decompress_lzss.c.obj</name>
      </input_file>
      <input_file id="fl-d5">
         <path>C:\ti\ccs1120\ccs\tools\compiler\ti-cgt-arm_20.2.5.LTS\lib\</path>
         <kind>archive</kind>
         <file>rtsv7M4_T_le_v4SPD16_eabi.lib</file>
         <name>exit.c.obj</name>
      </input_file>
      <input_file id="fl-d6">
         <path>C:\ti\ccs1120\ccs\tools\compiler\ti-cgt-arm_20.2.5.LTS\lib\</path>
         <kind>archive</kind>
         <file>rtsv7M4_T_le_v4SPD16_eabi.lib</file>
         <name>_lock.c.obj</name>
      </input_file>
      <input_file id="fl-d7">
         <path>C:\ti\ccs1120\ccs\tools\compiler\ti-cgt-arm_20.2.5.LTS\lib\</path>
         <kind>archive</kind>
         <file>rtsv7M4_T_le_v4SPD16_eabi.lib</file>
         <name>_ltoa.c.obj</name>
      </input_file>
      <input_file id="fl-d8">
         <path>C:\ti\ccs1120\ccs\tools\compiler\ti-cgt-arm_20.2.5.LTS\lib\</path>
         <kind>archive</kind>
         <file>rtsv7M4_T_le_v4SPD16_eabi.lib</file>
         <name>atoi.c.obj</name>
      </input_file>
      <input_file id="fl-d9">
         <path>C:\ti\ccs1120\ccs\tools\compiler\ti-cgt-arm_20.2.5.LTS\lib\</path>
         <kind>archive</kind>
         <file>rtsv7M4_T_le_v4SPD16_eabi.lib</file>
         <name>ctype.c.obj</name>
      </input_file>
      <input_file id="fl-da">
         <path>C:\ti\ccs1120\ccs\tools\compiler\ti-cgt-arm_20.2.5.LTS\lib\</path>
         <kind>archive</kind>
         <file>rtsv7M4_T_le_v4SPD16_eabi.lib</file>
         <name>defs.c.obj</name>
      </input_file>
      <input_file id="fl-db">
         <path>C:\ti\ccs1120\ccs\tools\compiler\ti-cgt-arm_20.2.5.LTS\lib\</path>
         <kind>archive</kind>
         <file>rtsv7M4_T_le_v4SPD16_eabi.lib</file>
         <name>memccpy.c.obj</name>
      </input_file>
      <input_file id="fl-dc">
         <path>C:\ti\ccs1120\ccs\tools\compiler\ti-cgt-arm_20.2.5.LTS\lib\</path>
         <kind>archive</kind>
         <file>rtsv7M4_T_le_v4SPD16_eabi.lib</file>
         <name>memchr.c.obj</name>
      </input_file>
      <input_file id="fl-dd">
         <path>C:\ti\ccs1120\ccs\tools\compiler\ti-cgt-arm_20.2.5.LTS\lib\</path>
         <kind>archive</kind>
         <file>rtsv7M4_T_le_v4SPD16_eabi.lib</file>
         <name>memory.c.obj</name>
      </input_file>
      <input_file id="fl-de">
         <path>C:\ti\ccs1120\ccs\tools\compiler\ti-cgt-arm_20.2.5.LTS\lib\</path>
         <kind>archive</kind>
         <file>rtsv7M4_T_le_v4SPD16_eabi.lib</file>
         <name>strchr.c.obj</name>
      </input_file>
      <input_file id="fl-df">
         <path>C:\ti\ccs1120\ccs\tools\compiler\ti-cgt-arm_20.2.5.LTS\lib\</path>
         <kind>archive</kind>
         <file>rtsv7M4_T_le_v4SPD16_eabi.lib</file>
         <name>strlen.c.obj</name>
      </input_file>
      <input_file id="fl-e0">
         <path>C:\ti\ccs1120\ccs\tools\compiler\ti-cgt-arm_20.2.5.LTS\lib\</path>
         <kind>archive</kind>
         <file>rtsv7M4_T_le_v4SPD16_eabi.lib</file>
         <name>errno.c.obj</name>
      </input_file>
      <input_file id="fl-e1">
         <path>C:\ti\ccs1120\ccs\tools\compiler\ti-cgt-arm_20.2.5.LTS\lib\</path>
         <kind>archive</kind>
         <file>rtsv7M4_T_le_v4SPD16_eabi.lib</file>
         <name>boot_cortex_m.c.obj</name>
      </input_file>
      <input_file id="fl-e2">
         <path>C:\ti\ccs1120\ccs\tools\compiler\ti-cgt-arm_20.2.5.LTS\lib\</path>
         <kind>archive</kind>
         <file>rtsv7M4_T_le_v4SPD16_eabi.lib</file>
         <name>write.c.obj</name>
      </input_file>
      <input_file id="fl-e3">
         <path>C:\ti\ccs1120\ccs\tools\compiler\ti-cgt-arm_20.2.5.LTS\lib\</path>
         <kind>archive</kind>
         <file>rtsv7M4_T_le_v4SPD16_eabi.lib</file>
         <name>host_device.c.obj</name>
      </input_file>
      <input_file id="fl-e4">
         <path>C:\ti\ccs1120\ccs\tools\compiler\ti-cgt-arm_20.2.5.LTS\lib\</path>
         <kind>archive</kind>
         <file>rtsv7M4_T_le_v4SPD16_eabi.lib</file>
         <name>fflush.c.obj</name>
      </input_file>
      <input_file id="fl-e5">
         <path>C:\ti\ccs1120\ccs\tools\compiler\ti-cgt-arm_20.2.5.LTS\lib\</path>
         <kind>archive</kind>
         <file>rtsv7M4_T_le_v4SPD16_eabi.lib</file>
         <name>fopen.c.obj</name>
      </input_file>
      <input_file id="fl-e6">
         <path>C:\ti\ccs1120\ccs\tools\compiler\ti-cgt-arm_20.2.5.LTS\lib\</path>
         <kind>archive</kind>
         <file>rtsv7M4_T_le_v4SPD16_eabi.lib</file>
         <name>fseek.c.obj</name>
      </input_file>
      <input_file id="fl-e7">
         <path>C:\ti\ccs1120\ccs\tools\compiler\ti-cgt-arm_20.2.5.LTS\lib\</path>
         <kind>archive</kind>
         <file>rtsv7M4_T_le_v4SPD16_eabi.lib</file>
         <name>s_copysign.c.obj</name>
      </input_file>
      <input_file id="fl-e8">
         <path>C:\ti\ccs1120\ccs\tools\compiler\ti-cgt-arm_20.2.5.LTS\lib\</path>
         <kind>archive</kind>
         <file>rtsv7M4_T_le_v4SPD16_eabi.lib</file>
         <name>div0.asm.obj</name>
      </input_file>
      <input_file id="fl-e9">
         <path>C:\ti\ccs1120\ccs\tools\compiler\ti-cgt-arm_20.2.5.LTS\lib\</path>
         <kind>archive</kind>
         <file>rtsv7M4_T_le_v4SPD16_eabi.lib</file>
         <name>autoinit.c.obj</name>
      </input_file>
      <input_file id="fl-ea">
         <path>C:\ti\ccs1120\ccs\tools\compiler\ti-cgt-arm_20.2.5.LTS\lib\</path>
         <kind>archive</kind>
         <file>rtsv7M4_T_le_v4SPD16_eabi.lib</file>
         <name>pre_init.c.obj</name>
      </input_file>
      <input_file id="fl-eb">
         <path>C:\ti\ccs1120\ccs\tools\compiler\ti-cgt-arm_20.2.5.LTS\lib\</path>
         <kind>archive</kind>
         <file>rtsv7M4_T_le_v4SPD16_eabi.lib</file>
         <name>cpy_tbl.c.obj</name>
      </input_file>
      <input_file id="fl-ec">
         <path>C:\ti\ccs1120\ccs\tools\compiler\ti-cgt-arm_20.2.5.LTS\lib\</path>
         <kind>archive</kind>
         <file>rtsv7M4_T_le_v4SPD16_eabi.lib</file>
         <name>args_main.c.obj</name>
      </input_file>
      <input_file id="fl-ed">
         <path>C:\ti\ccs1120\ccs\tools\compiler\ti-cgt-arm_20.2.5.LTS\lib\</path>
         <kind>archive</kind>
         <file>rtsv7M4_T_le_v4SPD16_eabi.lib</file>
         <name>hostclose.c.obj</name>
      </input_file>
      <input_file id="fl-ee">
         <path>C:\ti\ccs1120\ccs\tools\compiler\ti-cgt-arm_20.2.5.LTS\lib\</path>
         <kind>archive</kind>
         <file>rtsv7M4_T_le_v4SPD16_eabi.lib</file>
         <name>hostlseek.c.obj</name>
      </input_file>
      <input_file id="fl-ef">
         <path>C:\ti\ccs1120\ccs\tools\compiler\ti-cgt-arm_20.2.5.LTS\lib\</path>
         <kind>archive</kind>
         <file>rtsv7M4_T_le_v4SPD16_eabi.lib</file>
         <name>hostopen.c.obj</name>
      </input_file>
      <input_file id="fl-f0">
         <path>C:\ti\ccs1120\ccs\tools\compiler\ti-cgt-arm_20.2.5.LTS\lib\</path>
         <kind>archive</kind>
         <file>rtsv7M4_T_le_v4SPD16_eabi.lib</file>
         <name>hostread.c.obj</name>
      </input_file>
      <input_file id="fl-f1">
         <path>C:\ti\ccs1120\ccs\tools\compiler\ti-cgt-arm_20.2.5.LTS\lib\</path>
         <kind>archive</kind>
         <file>rtsv7M4_T_le_v4SPD16_eabi.lib</file>
         <name>hostrename.c.obj</name>
      </input_file>
      <input_file id="fl-f2">
         <path>C:\ti\ccs1120\ccs\tools\compiler\ti-cgt-arm_20.2.5.LTS\lib\</path>
         <kind>archive</kind>
         <file>rtsv7M4_T_le_v4SPD16_eabi.lib</file>
         <name>hostunlink.c.obj</name>
      </input_file>
      <input_file id="fl-f3">
         <path>C:\ti\ccs1120\ccs\tools\compiler\ti-cgt-arm_20.2.5.LTS\lib\</path>
         <kind>archive</kind>
         <file>rtsv7M4_T_le_v4SPD16_eabi.lib</file>
         <name>hostwrite.c.obj</name>
      </input_file>
      <input_file id="fl-f4">
         <path>C:\ti\ccs1120\ccs\tools\compiler\ti-cgt-arm_20.2.5.LTS\lib\</path>
         <kind>archive</kind>
         <file>rtsv7M4_T_le_v4SPD16_eabi.lib</file>
         <name>trgmsg.c.obj</name>
      </input_file>
      <input_file id="fl-f5">
         <path>C:\ti\ccs1120\ccs\tools\compiler\ti-cgt-arm_20.2.5.LTS\lib\</path>
         <kind>archive</kind>
         <file>rtsv7M4_T_le_v4SPD16_eabi.lib</file>
         <name>open.c.obj</name>
      </input_file>
      <input_file id="fl-f6">
         <path>C:\ti\ccs1120\ccs\tools\compiler\ti-cgt-arm_20.2.5.LTS\lib\</path>
         <kind>archive</kind>
         <file>rtsv7M4_T_le_v4SPD16_eabi.lib</file>
         <name>lseek.c.obj</name>
      </input_file>
      <input_file id="fl-f7">
         <path>C:\ti\ccs1120\ccs\tools\compiler\ti-cgt-arm_20.2.5.LTS\lib\</path>
         <kind>archive</kind>
         <file>rtsv7M4_T_le_v4SPD16_eabi.lib</file>
         <name>fclose.c.obj</name>
      </input_file>
      <input_file id="fl-f8">
         <path>C:\ti\ccs1120\ccs\tools\compiler\ti-cgt-arm_20.2.5.LTS\lib\</path>
         <kind>archive</kind>
         <file>rtsv7M4_T_le_v4SPD16_eabi.lib</file>
         <name>getdevice.c.obj</name>
      </input_file>
      <input_file id="fl-f9">
         <path>C:\ti\ccs1120\ccs\tools\compiler\ti-cgt-arm_20.2.5.LTS\lib\</path>
         <kind>archive</kind>
         <file>rtsv7M4_T_le_v4SPD16_eabi.lib</file>
         <name>strcmp.c.obj</name>
      </input_file>
      <input_file id="fl-fa">
         <path>C:\ti\ccs1120\ccs\tools\compiler\ti-cgt-arm_20.2.5.LTS\lib\</path>
         <kind>archive</kind>
         <file>rtsv7M4_T_le_v4SPD16_eabi.lib</file>
         <name>strcpy.c.obj</name>
      </input_file>
      <input_file id="fl-fb">
         <path>C:\ti\ccs1120\ccs\tools\compiler\ti-cgt-arm_20.2.5.LTS\lib\</path>
         <kind>archive</kind>
         <file>rtsv7M4_T_le_v4SPD16_eabi.lib</file>
         <name>strncpy.c.obj</name>
      </input_file>
      <input_file id="fl-fc">
         <path>C:\ti\ccs1120\ccs\tools\compiler\ti-cgt-arm_20.2.5.LTS\lib\</path>
         <kind>archive</kind>
         <file>rtsv7M4_T_le_v4SPD16_eabi.lib</file>
         <name>remove.c.obj</name>
      </input_file>
      <input_file id="fl-fd">
         <path>C:\ti\ccs1120\ccs\tools\compiler\ti-cgt-arm_20.2.5.LTS\lib\</path>
         <kind>archive</kind>
         <file>rtsv7M4_T_le_v4SPD16_eabi.lib</file>
         <name>close.c.obj</name>
      </input_file>
      <input_file id="fl-fe">
         <path>C:\ti\ccs1120\ccs\tools\compiler\ti-cgt-arm_20.2.5.LTS\lib\</path>
         <kind>archive</kind>
         <file>rtsv7M4_T_le_v4SPD16_eabi.lib</file>
         <name>unlink.c.obj</name>
      </input_file>
   </input_file_list>
   <object_component_list>
      <object_component id="oc-26">
         <name>.intvecs:retain</name>
         <load_address>0x0</load_address>
         <run_address>0x0</run_address>
         <size>0xe4</size>
         <input_file_ref idref="fl-5"/>
      </object_component>
      <object_component id="oc-131">
         <name>.text:__TI_printfi</name>
         <load_address>0xe4</load_address>
         <run_address>0xe4</run_address>
         <size>0xa4e</size>
         <input_file_ref idref="fl-c1"/>
      </object_component>
      <object_component id="oc-1d4">
         <name>.text:_nop</name>
         <load_address>0xb32</load_address>
         <run_address>0xb32</run_address>
         <size>0x2</size>
         <input_file_ref idref="fl-d6"/>
      </object_component>
      <object_component id="oc-70">
         <name>.text</name>
         <load_address>0xb34</load_address>
         <run_address>0xb34</run_address>
         <size>0x778</size>
         <input_file_ref idref="fl-4"/>
      </object_component>
      <object_component id="oc-ac">
         <name>.text</name>
         <load_address>0x12ac</load_address>
         <run_address>0x12ac</run_address>
         <size>0x334</size>
         <input_file_ref idref="fl-6"/>
      </object_component>
      <object_component id="oc-1b0">
         <name>.text:_pconv_a</name>
         <load_address>0x15e0</load_address>
         <run_address>0x15e0</run_address>
         <size>0x270</size>
         <input_file_ref idref="fl-c1"/>
      </object_component>
      <object_component id="oc-b9">
         <name>.text</name>
         <load_address>0x1850</load_address>
         <run_address>0x1850</run_address>
         <size>0x1e0</size>
         <input_file_ref idref="fl-2"/>
      </object_component>
      <object_component id="oc-19e">
         <name>.text:_pconv_g</name>
         <load_address>0x1a30</load_address>
         <run_address>0x1a30</run_address>
         <size>0x1d0</size>
         <input_file_ref idref="fl-c1"/>
      </object_component>
      <object_component id="oc-245">
         <name>.text</name>
         <load_address>0x1c00</load_address>
         <run_address>0x1c00</run_address>
         <size>0x1b6</size>
         <input_file_ref idref="fl-c9"/>
      </object_component>
      <object_component id="oc-2cd">
         <name>.text</name>
         <load_address>0x1db6</load_address>
         <run_address>0x1db6</run_address>
         <size>0x2</size>
         <input_file_ref idref="fl-e8"/>
      </object_component>
      <object_component id="oc-1aa">
         <name>.text:_pconv_e</name>
         <load_address>0x1db8</load_address>
         <run_address>0x1db8</run_address>
         <size>0x13c</size>
         <input_file_ref idref="fl-c1"/>
      </object_component>
      <object_component id="oc-22b">
         <name>.text</name>
         <load_address>0x1ef4</load_address>
         <run_address>0x1ef4</run_address>
         <size>0x136</size>
         <input_file_ref idref="fl-cb"/>
      </object_component>
      <object_component id="oc-257">
         <name>.text:fcvt</name>
         <load_address>0x202c</load_address>
         <run_address>0x202c</run_address>
         <size>0x124</size>
         <input_file_ref idref="fl-c1"/>
      </object_component>
      <object_component id="oc-1e2">
         <name>.text:fputs</name>
         <load_address>0x2150</load_address>
         <run_address>0x2150</run_address>
         <size>0x114</size>
         <input_file_ref idref="fl-c3"/>
      </object_component>
      <object_component id="oc-26b">
         <name>.text:scalbn</name>
         <load_address>0x2264</load_address>
         <run_address>0x2264</run_address>
         <size>0x110</size>
         <input_file_ref idref="fl-c7"/>
      </object_component>
      <object_component id="oc-378">
         <name>.text:aligned_alloc</name>
         <load_address>0x2374</load_address>
         <run_address>0x2374</run_address>
         <size>0x100</size>
         <input_file_ref idref="fl-dd"/>
      </object_component>
      <object_component id="oc-226">
         <name>.text</name>
         <load_address>0x2474</load_address>
         <run_address>0x2474</run_address>
         <size>0xfc</size>
         <input_file_ref idref="fl-cc"/>
      </object_component>
      <object_component id="oc-336">
         <name>.text:free</name>
         <load_address>0x2570</load_address>
         <run_address>0x2570</run_address>
         <size>0xe4</size>
         <input_file_ref idref="fl-dd"/>
      </object_component>
      <object_component id="oc-308">
         <name>.text:setvbuf</name>
         <load_address>0x2654</load_address>
         <run_address>0x2654</run_address>
         <size>0xdc</size>
         <input_file_ref idref="fl-c5"/>
      </object_component>
      <object_component id="oc-193">
         <name>.text:_ltostr</name>
         <load_address>0x2730</load_address>
         <run_address>0x2730</run_address>
         <size>0xb1</size>
         <input_file_ref idref="fl-c1"/>
      </object_component>
      <object_component id="oc-3a">
         <name>.text</name>
         <load_address>0x27e2</load_address>
         <run_address>0x27e2</run_address>
         <size>0x9c</size>
         <input_file_ref idref="fl-cf"/>
      </object_component>
      <object_component id="oc-21f">
         <name>.text</name>
         <load_address>0x287e</load_address>
         <run_address>0x287e</run_address>
         <size>0x96</size>
         <input_file_ref idref="fl-d0"/>
      </object_component>
      <object_component id="oc-1e9">
         <name>.text:fputc</name>
         <load_address>0x2914</load_address>
         <run_address>0x2914</run_address>
         <size>0x8c</size>
         <input_file_ref idref="fl-c2"/>
      </object_component>
      <object_component id="oc-199">
         <name>.text:__aeabi_cdcmple</name>
         <load_address>0x29a0</load_address>
         <run_address>0x29a0</run_address>
         <size>0x86</size>
         <input_file_ref idref="fl-ca"/>
      </object_component>
      <object_component id="oc-230">
         <name>.text:__aeabi_cdrcmple</name>
         <load_address>0x2a26</load_address>
         <run_address>0x2a26</run_address>
         <size>0x86</size>
         <input_file_ref idref="fl-ca"/>
      </object_component>
      <object_component id="oc-94">
         <name>.text</name>
         <load_address>0x2aac</load_address>
         <run_address>0x2aac</run_address>
         <size>0x7a</size>
         <input_file_ref idref="fl-d1"/>
      </object_component>
      <object_component id="oc-37f">
         <name>.text:__TI_closefile</name>
         <load_address>0x2b28</load_address>
         <run_address>0x2b28</run_address>
         <size>0x74</size>
         <input_file_ref idref="fl-f7"/>
      </object_component>
      <object_component id="oc-3c0">
         <name>.text:split</name>
         <load_address>0x2b9c</load_address>
         <run_address>0x2b9c</run_address>
         <size>0x70</size>
         <input_file_ref idref="fl-dd"/>
      </object_component>
      <object_component id="oc-250">
         <name>.text:_mcpy</name>
         <load_address>0x2c0c</load_address>
         <run_address>0x2c0c</run_address>
         <size>0x6e</size>
         <input_file_ref idref="fl-c1"/>
      </object_component>
      <object_component id="oc-3af">
         <name>.text:HOSTrename</name>
         <load_address>0x2c7c</load_address>
         <run_address>0x2c7c</run_address>
         <size>0x6c</size>
         <input_file_ref idref="fl-f1"/>
      </object_component>
      <object_component id="oc-3a3">
         <name>.text:HOSTlseek</name>
         <load_address>0x2ce8</load_address>
         <run_address>0x2ce8</run_address>
         <size>0x68</size>
         <input_file_ref idref="fl-ee"/>
      </object_component>
      <object_component id="oc-17">
         <name>.text:decompress:lzss:__TI_decompress_lzss</name>
         <load_address>0x2d50</load_address>
         <run_address>0x2d50</run_address>
         <size>0x68</size>
         <input_file_ref idref="fl-d4"/>
      </object_component>
      <object_component id="oc-b3">
         <name>.text:printf</name>
         <load_address>0x2db8</load_address>
         <run_address>0x2db8</run_address>
         <size>0x68</size>
         <input_file_ref idref="fl-c0"/>
      </object_component>
      <object_component id="oc-265">
         <name>.text:frexp</name>
         <load_address>0x2e20</load_address>
         <run_address>0x2e20</run_address>
         <size>0x64</size>
         <input_file_ref idref="fl-c6"/>
      </object_component>
      <object_component id="oc-302">
         <name>.text:fseek</name>
         <load_address>0x2e84</load_address>
         <run_address>0x2e84</run_address>
         <size>0x64</size>
         <input_file_ref idref="fl-e6"/>
      </object_component>
      <object_component id="oc-29c">
         <name>.text:__TI_wrt_ok</name>
         <load_address>0x2ee8</load_address>
         <run_address>0x2ee8</run_address>
         <size>0x62</size>
         <input_file_ref idref="fl-c4"/>
      </object_component>
      <object_component id="oc-38b">
         <name>.text:HOSTopen</name>
         <load_address>0x2f4c</load_address>
         <run_address>0x2f4c</run_address>
         <size>0x60</size>
         <input_file_ref idref="fl-ef"/>
      </object_component>
      <object_component id="oc-3c7">
         <name>.text:close</name>
         <load_address>0x2fac</load_address>
         <run_address>0x2fac</run_address>
         <size>0x5c</size>
         <input_file_ref idref="fl-fd"/>
      </object_component>
      <object_component id="oc-397">
         <name>.text:HOSTread</name>
         <load_address>0x3008</load_address>
         <run_address>0x3008</run_address>
         <size>0x58</size>
         <input_file_ref idref="fl-f0"/>
      </object_component>
      <object_component id="oc-39d">
         <name>.text:HOSTwrite</name>
         <load_address>0x3060</load_address>
         <run_address>0x3060</run_address>
         <size>0x58</size>
         <input_file_ref idref="fl-f3"/>
      </object_component>
      <object_component id="oc-1a4">
         <name>.text:_pconv_f</name>
         <load_address>0x30b8</load_address>
         <run_address>0x30b8</run_address>
         <size>0x56</size>
         <input_file_ref idref="fl-c1"/>
      </object_component>
      <object_component id="oc-23a">
         <name>.text:__TI_ltoa</name>
         <load_address>0x310e</load_address>
         <run_address>0x310e</run_address>
         <size>0x54</size>
         <input_file_ref idref="fl-d7"/>
      </object_component>
      <object_component id="oc-24a">
         <name>.text:_ecpy</name>
         <load_address>0x3162</load_address>
         <run_address>0x3162</run_address>
         <size>0x52</size>
         <input_file_ref idref="fl-c1"/>
      </object_component>
      <object_component id="oc-2a8">
         <name>.text:__TI_doflush</name>
         <load_address>0x31b4</load_address>
         <run_address>0x31b4</run_address>
         <size>0x4c</size>
         <input_file_ref idref="fl-e4"/>
      </object_component>
      <object_component id="oc-18d">
         <name>.text:atoi</name>
         <load_address>0x3200</load_address>
         <run_address>0x3200</run_address>
         <size>0x4c</size>
         <input_file_ref idref="fl-d8"/>
      </object_component>
      <object_component id="oc-f5">
         <name>.text:exit</name>
         <load_address>0x324c</load_address>
         <run_address>0x324c</run_address>
         <size>0x48</size>
         <input_file_ref idref="fl-d5"/>
      </object_component>
      <object_component id="oc-235">
         <name>.text</name>
         <load_address>0x3294</load_address>
         <run_address>0x3294</run_address>
         <size>0x48</size>
         <input_file_ref idref="fl-cd"/>
      </object_component>
      <object_component id="oc-391">
         <name>.text:HOSTclose</name>
         <load_address>0x32dc</load_address>
         <run_address>0x32dc</run_address>
         <size>0x44</size>
         <input_file_ref idref="fl-ed"/>
      </object_component>
      <object_component id="oc-3a9">
         <name>.text:HOSTunlink</name>
         <load_address>0x3320</load_address>
         <run_address>0x3320</run_address>
         <size>0x44</size>
         <input_file_ref idref="fl-f2"/>
      </object_component>
      <object_component id="oc-fb">
         <name>.text:__TI_auto_init_nobinit_nopinit:__TI_auto_init_nobinit_nopinit</name>
         <load_address>0x3364</load_address>
         <run_address>0x3364</run_address>
         <size>0x44</size>
         <input_file_ref idref="fl-e9"/>
      </object_component>
      <object_component id="oc-3ff">
         <name>.text:getdevice</name>
         <load_address>0x33a8</load_address>
         <run_address>0x33a8</run_address>
         <size>0x44</size>
         <input_file_ref idref="fl-f8"/>
      </object_component>
      <object_component id="oc-25d">
         <name>.text:_fcpy</name>
         <load_address>0x33ec</load_address>
         <run_address>0x33ec</run_address>
         <size>0x3e</size>
         <input_file_ref idref="fl-c1"/>
      </object_component>
      <object_component id="oc-3d8">
         <name>.text:__TI_writemsg</name>
         <load_address>0x342c</load_address>
         <run_address>0x342c</run_address>
         <size>0x38</size>
         <input_file_ref idref="fl-f4"/>
      </object_component>
      <object_component id="oc-421">
         <name>.text:strncpy</name>
         <load_address>0x3464</load_address>
         <run_address>0x3464</run_address>
         <size>0x36</size>
         <input_file_ref idref="fl-fb"/>
      </object_component>
      <object_component id="oc-342">
         <name>.text:__TI_cleanup</name>
         <load_address>0x349c</load_address>
         <run_address>0x349c</run_address>
         <size>0x34</size>
         <input_file_ref idref="fl-e5"/>
      </object_component>
      <object_component id="oc-3de">
         <name>.text:__TI_readmsg</name>
         <load_address>0x34d0</load_address>
         <run_address>0x34d0</run_address>
         <size>0x34</size>
         <input_file_ref idref="fl-f4"/>
      </object_component>
      <object_component id="oc-58">
         <name>.text:_c_int00_noargs:_c_int00_noargs</name>
         <load_address>0x3504</load_address>
         <run_address>0x3504</run_address>
         <size>0x34</size>
         <input_file_ref idref="fl-e1"/>
      </object_component>
      <object_component id="oc-427">
         <name>.text:finddevice</name>
         <load_address>0x3538</load_address>
         <run_address>0x3538</run_address>
         <size>0x30</size>
         <input_file_ref idref="fl-f8"/>
      </object_component>
      <object_component id="oc-240">
         <name>.text</name>
         <load_address>0x3568</load_address>
         <run_address>0x3568</run_address>
         <size>0x2e</size>
         <input_file_ref idref="fl-ce"/>
      </object_component>
      <object_component id="oc-3cd">
         <name>.text:unlink</name>
         <load_address>0x3598</load_address>
         <run_address>0x3598</run_address>
         <size>0x2c</size>
         <input_file_ref idref="fl-fe"/>
      </object_component>
      <object_component id="oc-371">
         <name>.text:free_list_insert</name>
         <load_address>0x35c4</load_address>
         <run_address>0x35c4</run_address>
         <size>0x28</size>
         <input_file_ref idref="fl-dd"/>
      </object_component>
      <object_component id="oc-32e">
         <name>.text:lseek</name>
         <load_address>0x35ec</load_address>
         <run_address>0x35ec</run_address>
         <size>0x28</size>
         <input_file_ref idref="fl-f6"/>
      </object_component>
      <object_component id="oc-2ae">
         <name>.text:write</name>
         <load_address>0x3614</load_address>
         <run_address>0x3614</run_address>
         <size>0x28</size>
         <input_file_ref idref="fl-e2"/>
      </object_component>
      <object_component id="oc-2a2">
         <name>.text:memchr</name>
         <load_address>0x363c</load_address>
         <run_address>0x363c</run_address>
         <size>0x20</size>
         <input_file_ref idref="fl-dc"/>
      </object_component>
      <object_component id="oc-46">
         <name>.text:decompress:ZI:__TI_zero_init_nomemset:__TI_zero_init_nomemset</name>
         <load_address>0x365c</load_address>
         <run_address>0x365c</run_address>
         <size>0x1c</size>
         <input_file_ref idref="fl-d2"/>
      </object_component>
      <object_component id="oc-36b">
         <name>.text:free_list_remove</name>
         <load_address>0x3678</load_address>
         <run_address>0x3678</run_address>
         <size>0x1c</size>
         <input_file_ref idref="fl-dd"/>
      </object_component>
      <object_component id="oc-1b6">
         <name>.text:memccpy</name>
         <load_address>0x3694</load_address>
         <run_address>0x3694</run_address>
         <size>0x1c</size>
         <input_file_ref idref="fl-db"/>
      </object_component>
      <object_component id="oc-2e6">
         <name>.text:copysign</name>
         <load_address>0x36b0</load_address>
         <run_address>0x36b0</run_address>
         <size>0x1a</size>
         <input_file_ref idref="fl-e7"/>
      </object_component>
      <object_component id="oc-43e">
         <name>.text:strcmp</name>
         <load_address>0x36ca</load_address>
         <run_address>0x36ca</run_address>
         <size>0x18</size>
         <input_file_ref idref="fl-f9"/>
      </object_component>
      <object_component id="oc-271">
         <name>.text:strchr</name>
         <load_address>0x36e2</load_address>
         <run_address>0x36e2</run_address>
         <size>0x16</size>
         <input_file_ref idref="fl-de"/>
      </object_component>
      <object_component id="oc-3f2">
         <name>.text:strcpy</name>
         <load_address>0x36f8</load_address>
         <run_address>0x36f8</run_address>
         <size>0x14</size>
         <input_file_ref idref="fl-fa"/>
      </object_component>
      <object_component id="oc-187">
         <name>.text:strlen</name>
         <load_address>0x370c</load_address>
         <run_address>0x370c</run_address>
         <size>0x14</size>
         <input_file_ref idref="fl-df"/>
      </object_component>
      <object_component id="oc-1bc">
         <name>.text:wcslen</name>
         <load_address>0x3720</load_address>
         <run_address>0x3720</run_address>
         <size>0x12</size>
         <input_file_ref idref="fl-c8"/>
      </object_component>
      <object_component id="oc-1d">
         <name>.text:decompress:none:__TI_decompress_none</name>
         <load_address>0x3732</load_address>
         <run_address>0x3732</run_address>
         <size>0xe</size>
         <input_file_ref idref="fl-d3"/>
      </object_component>
      <object_component id="oc-6a">
         <name>.text</name>
         <load_address>0x3740</load_address>
         <run_address>0x3740</run_address>
         <size>0xe</size>
         <input_file_ref idref="fl-5"/>
      </object_component>
      <object_component id="oc-1c2">
         <name>.text:__aeabi_errno_addr</name>
         <load_address>0x3750</load_address>
         <run_address>0x3750</run_address>
         <size>0x8</size>
         <input_file_ref idref="fl-e0"/>
      </object_component>
      <object_component id="oc-33c">
         <name>.text:malloc</name>
         <load_address>0x3758</load_address>
         <run_address>0x3758</run_address>
         <size>0x8</size>
         <input_file_ref idref="fl-dd"/>
      </object_component>
      <object_component id="oc-143">
         <name>.text:_outc</name>
         <load_address>0x3760</load_address>
         <run_address>0x3760</run_address>
         <size>0x4</size>
         <input_file_ref idref="fl-c0"/>
      </object_component>
      <object_component id="oc-13d">
         <name>.text:_outs</name>
         <load_address>0x3764</load_address>
         <run_address>0x3764</run_address>
         <size>0x4</size>
         <input_file_ref idref="fl-c0"/>
      </object_component>
      <object_component id="oc-9a">
         <name>.text:_system_pre_init</name>
         <load_address>0x3768</load_address>
         <run_address>0x3768</run_address>
         <size>0x4</size>
         <input_file_ref idref="fl-ea"/>
      </object_component>
      <object_component id="oc-ef">
         <name>.text:abort:abort</name>
         <load_address>0x376c</load_address>
         <run_address>0x376c</run_address>
         <size>0x4</size>
         <input_file_ref idref="fl-d5"/>
      </object_component>
      <object_component id="oc-21a">
         <name>.const:.string:_ctypes_</name>
         <load_address>0x3770</load_address>
         <run_address>0x3770</run_address>
         <size>0x101</size>
         <input_file_ref idref="fl-d9"/>
      </object_component>
      <object_component id="oc-47e">
         <name>.cinit..data.load</name>
         <load_address>0x3878</load_address>
         <run_address>0x3878</run_address>
         <size>0x78</size>
      </object_component>
      <object_component id="oc-47c">
         <name>__TI_handler_table</name>
         <load_address>0x38f0</load_address>
         <run_address>0x38f0</run_address>
         <size>0xc</size>
      </object_component>
      <object_component id="oc-47f">
         <name>.cinit..bss.load</name>
         <load_address>0x3900</load_address>
         <run_address>0x3900</run_address>
         <size>0x8</size>
      </object_component>
      <object_component id="oc-47d">
         <name>__TI_cinit_table</name>
         <load_address>0x3908</load_address>
         <run_address>0x3908</run_address>
         <size>0x10</size>
      </object_component>
      <object_component id="oc-450">
         <name>.binit</name>
         <load_address>0x0</load_address>
         <run_address>0x0</run_address>
         <size>0x0</size>
      </object_component>
      <object_component id="oc-150">
         <name>.data</name>
         <load_address>0x20000914</load_address>
         <run_address>0x20000914</run_address>
         <size>0x18</size>
         <input_file_ref idref="fl-2"/>
      </object_component>
      <object_component id="oc-c3">
         <name>.data</name>
         <load_address>0x20000948</load_address>
         <run_address>0x20000948</run_address>
         <size>0xc</size>
         <input_file_ref idref="fl-4"/>
      </object_component>
      <object_component id="oc-12d">
         <name>.data</name>
         <load_address>0x20000968</load_address>
         <run_address>0x20000968</run_address>
         <size>0x4</size>
         <input_file_ref idref="fl-6"/>
      </object_component>
      <object_component id="oc-169">
         <name>.data:$O1$$</name>
         <load_address>0x2000093c</load_address>
         <run_address>0x2000093c</run_address>
         <size>0xc</size>
         <input_file_ref idref="fl-d5"/>
      </object_component>
      <object_component id="oc-137">
         <name>.data:$O1$$</name>
         <load_address>0x20000954</load_address>
         <run_address>0x20000954</run_address>
         <size>0x8</size>
         <input_file_ref idref="fl-d6"/>
      </object_component>
      <object_component id="oc-13a">
         <name>.data:_ftable</name>
         <load_address>0x2000075c</load_address>
         <run_address>0x2000075c</run_address>
         <size>0xf0</size>
         <input_file_ref idref="fl-da"/>
      </object_component>
      <object_component id="oc-385">
         <name>.data</name>
         <load_address>0x2000092c</load_address>
         <run_address>0x2000092c</run_address>
         <size>0x10</size>
         <input_file_ref idref="fl-da"/>
      </object_component>
      <object_component id="oc-3bb">
         <name>.data:$O1$$</name>
         <load_address>0x2000095c</load_address>
         <run_address>0x2000095c</run_address>
         <size>0x8</size>
         <input_file_ref idref="fl-dd"/>
      </object_component>
      <object_component id="oc-281">
         <name>.data</name>
         <load_address>0x20000964</load_address>
         <run_address>0x20000964</run_address>
         <size>0x4</size>
         <input_file_ref idref="fl-e0"/>
      </object_component>
      <object_component id="oc-355">
         <name>.data:_device</name>
         <load_address>0x2000084c</load_address>
         <run_address>0x2000084c</run_address>
         <size>0x78</size>
         <input_file_ref idref="fl-e3"/>
      </object_component>
      <object_component id="oc-314">
         <name>.data:_stream</name>
         <load_address>0x200008c4</load_address>
         <run_address>0x200008c4</run_address>
         <size>0x50</size>
         <input_file_ref idref="fl-e3"/>
      </object_component>
      <object_component id="oc-409">
         <name>.bss:_CIOBUF_</name>
         <uninitialized>true</uninitialized>
         <run_address>0x20000590</run_address>
         <size>0x120</size>
         <input_file_ref idref="fl-f4"/>
      </object_component>
      <object_component id="oc-bf">
         <name>.common:TimerA0Task</name>
         <uninitialized>true</uninitialized>
         <run_address>0x20000758</run_address>
         <size>0x4</size>
      </object_component>
      <object_component id="oc-c2">
         <name>.common:stack</name>
         <uninitialized>true</uninitialized>
         <run_address>0x20000400</run_address>
         <size>0x190</size>
      </object_component>
      <object_component id="oc-3d3">
         <name>.common:__TI_tmpnams</name>
         <uninitialized>true</uninitialized>
         <run_address>0x200006b0</run_address>
         <size>0xa0</size>
      </object_component>
      <object_component id="oc-3e4">
         <name>.common:parmbuf</name>
         <uninitialized>true</uninitialized>
         <run_address>0x20000750</run_address>
         <size>0x8</size>
      </object_component>
      <object_component id="oc-29">
         <name>.sysmem</name>
         <uninitialized>true</uninitialized>
         <run_address>0x20000000</run_address>
         <size>0x10</size>
         <input_file_ref idref="fl-dd"/>
      </object_component>
      <object_component id="oc-482">
         <name>.sysmem</name>
         <uninitialized>true</uninitialized>
         <run_address>0x20000000</run_address>
         <size>0x0</size>
      </object_component>
      <object_component id="oc-2c">
         <name>.stack</name>
         <uninitialized>true</uninitialized>
         <run_address>0x2000fe00</run_address>
         <size>0x4</size>
         <input_file_ref idref="fl-e1"/>
      </object_component>
      <object_component id="oc-481">
         <name>.stack</name>
         <uninitialized>true</uninitialized>
         <run_address>0x2000fe00</run_address>
         <size>0x0</size>
      </object_component>
      <object_component id="oc-167">
         <name>.debug_info</name>
         <load_address>0x0</load_address>
         <run_address>0x0</run_address>
         <size>0x565</size>
         <input_file_ref idref="fl-2"/>
      </object_component>
      <object_component id="oc-151">
         <name>.debug_info</name>
         <load_address>0x565</load_address>
         <run_address>0x565</run_address>
         <size>0x1c1</size>
         <input_file_ref idref="fl-2"/>
      </object_component>
      <object_component id="oc-bd">
         <name>.debug_info</name>
         <load_address>0x726</load_address>
         <run_address>0x726</run_address>
         <size>0x4a7</size>
         <input_file_ref idref="fl-2"/>
      </object_component>
      <object_component id="oc-1fc">
         <name>.debug_info</name>
         <load_address>0xbcd</load_address>
         <run_address>0xbcd</run_address>
         <size>0x37e2</size>
         <input_file_ref idref="fl-2"/>
      </object_component>
      <object_component id="oc-ce">
         <name>.debug_info</name>
         <load_address>0x43af</load_address>
         <run_address>0x43af</run_address>
         <size>0x26b</size>
         <input_file_ref idref="fl-2"/>
      </object_component>
      <object_component id="oc-15b">
         <name>.debug_info</name>
         <load_address>0x461a</load_address>
         <run_address>0x461a</run_address>
         <size>0x1055</size>
         <input_file_ref idref="fl-2"/>
      </object_component>
      <object_component id="oc-35">
         <name>.debug_info</name>
         <load_address>0x566f</load_address>
         <run_address>0x566f</run_address>
         <size>0x84</size>
         <input_file_ref idref="fl-2"/>
      </object_component>
      <object_component id="oc-162">
         <name>.debug_info</name>
         <load_address>0x56f3</load_address>
         <run_address>0x56f3</run_address>
         <size>0x2a4</size>
         <input_file_ref idref="fl-2"/>
      </object_component>
      <object_component id="oc-c7">
         <name>.debug_info</name>
         <load_address>0x5997</load_address>
         <run_address>0x5997</run_address>
         <size>0xbb</size>
         <input_file_ref idref="fl-2"/>
      </object_component>
      <object_component id="oc-1f9">
         <name>.debug_info</name>
         <load_address>0x5a52</load_address>
         <run_address>0x5a52</run_address>
         <size>0x53a</size>
         <input_file_ref idref="fl-3"/>
      </object_component>
      <object_component id="oc-156">
         <name>.debug_info</name>
         <load_address>0x5f8c</load_address>
         <run_address>0x5f8c</run_address>
         <size>0x37e2</size>
         <input_file_ref idref="fl-3"/>
      </object_component>
      <object_component id="oc-c0">
         <name>.debug_info</name>
         <load_address>0x976e</load_address>
         <run_address>0x976e</run_address>
         <size>0x64b</size>
         <input_file_ref idref="fl-4"/>
      </object_component>
      <object_component id="oc-c4">
         <name>.debug_info</name>
         <load_address>0x9db9</load_address>
         <run_address>0x9db9</run_address>
         <size>0x110</size>
         <input_file_ref idref="fl-4"/>
      </object_component>
      <object_component id="oc-71">
         <name>.debug_info</name>
         <load_address>0x9ec9</load_address>
         <run_address>0x9ec9</run_address>
         <size>0xc5d</size>
         <input_file_ref idref="fl-4"/>
      </object_component>
      <object_component id="oc-14b">
         <name>.debug_info</name>
         <load_address>0xab26</load_address>
         <run_address>0xab26</run_address>
         <size>0x2c</size>
         <input_file_ref idref="fl-4"/>
      </object_component>
      <object_component id="oc-78">
         <name>.debug_info</name>
         <load_address>0xab52</load_address>
         <run_address>0xab52</run_address>
         <size>0x2d7</size>
         <input_file_ref idref="fl-5"/>
      </object_component>
      <object_component id="oc-27">
         <name>.debug_info</name>
         <load_address>0xae29</load_address>
         <run_address>0xae29</run_address>
         <size>0x103</size>
         <input_file_ref idref="fl-5"/>
      </object_component>
      <object_component id="oc-6b">
         <name>.debug_info</name>
         <load_address>0xaf2c</load_address>
         <run_address>0xaf2c</run_address>
         <size>0x1ca</size>
         <input_file_ref idref="fl-5"/>
      </object_component>
      <object_component id="oc-12e">
         <name>.debug_info</name>
         <load_address>0xb0f6</load_address>
         <run_address>0xb0f6</run_address>
         <size>0xfc</size>
         <input_file_ref idref="fl-6"/>
      </object_component>
      <object_component id="oc-af">
         <name>.debug_info</name>
         <load_address>0xb1f2</load_address>
         <run_address>0xb1f2</run_address>
         <size>0x26e</size>
         <input_file_ref idref="fl-6"/>
      </object_component>
      <object_component id="oc-14a">
         <name>.debug_info</name>
         <load_address>0xb460</load_address>
         <run_address>0xb460</run_address>
         <size>0x3e5</size>
         <input_file_ref idref="fl-c0"/>
      </object_component>
      <object_component id="oc-144">
         <name>.debug_info</name>
         <load_address>0xb845</load_address>
         <run_address>0xb845</run_address>
         <size>0x157</size>
         <input_file_ref idref="fl-c0"/>
      </object_component>
      <object_component id="oc-13e">
         <name>.debug_info</name>
         <load_address>0xb99c</load_address>
         <run_address>0xb99c</run_address>
         <size>0x166</size>
         <input_file_ref idref="fl-c0"/>
      </object_component>
      <object_component id="oc-b5">
         <name>.debug_info</name>
         <load_address>0xbb02</load_address>
         <run_address>0xbb02</run_address>
         <size>0x1ac</size>
         <input_file_ref idref="fl-c0"/>
      </object_component>
      <object_component id="oc-1f2">
         <name>.debug_info</name>
         <load_address>0xbcae</load_address>
         <run_address>0xbcae</run_address>
         <size>0xb2</size>
         <input_file_ref idref="fl-c0"/>
      </object_component>
      <object_component id="oc-1c9">
         <name>.debug_info</name>
         <load_address>0xbd60</load_address>
         <run_address>0xbd60</run_address>
         <size>0x590</size>
         <input_file_ref idref="fl-c1"/>
      </object_component>
      <object_component id="oc-194">
         <name>.debug_info</name>
         <load_address>0xc2f0</load_address>
         <run_address>0xc2f0</run_address>
         <size>0x21e</size>
         <input_file_ref idref="fl-c1"/>
      </object_component>
      <object_component id="oc-24b">
         <name>.debug_info</name>
         <load_address>0xc50e</load_address>
         <run_address>0xc50e</run_address>
         <size>0x1b3</size>
         <input_file_ref idref="fl-c1"/>
      </object_component>
      <object_component id="oc-251">
         <name>.debug_info</name>
         <load_address>0xc6c1</load_address>
         <run_address>0xc6c1</run_address>
         <size>0x21b</size>
         <input_file_ref idref="fl-c1"/>
      </object_component>
      <object_component id="oc-19f">
         <name>.debug_info</name>
         <load_address>0xc8dc</load_address>
         <run_address>0xc8dc</run_address>
         <size>0x3c0</size>
         <input_file_ref idref="fl-c1"/>
      </object_component>
      <object_component id="oc-258">
         <name>.debug_info</name>
         <load_address>0xcc9c</load_address>
         <run_address>0xcc9c</run_address>
         <size>0x30a</size>
         <input_file_ref idref="fl-c1"/>
      </object_component>
      <object_component id="oc-25e">
         <name>.debug_info</name>
         <load_address>0xcfa6</load_address>
         <run_address>0xcfa6</run_address>
         <size>0x215</size>
         <input_file_ref idref="fl-c1"/>
      </object_component>
      <object_component id="oc-1a6">
         <name>.debug_info</name>
         <load_address>0xd1bb</load_address>
         <run_address>0xd1bb</run_address>
         <size>0x215</size>
         <input_file_ref idref="fl-c1"/>
      </object_component>
      <object_component id="oc-1ad">
         <name>.debug_info</name>
         <load_address>0xd3d0</load_address>
         <run_address>0xd3d0</run_address>
         <size>0x304</size>
         <input_file_ref idref="fl-c1"/>
      </object_component>
      <object_component id="oc-1b3">
         <name>.debug_info</name>
         <load_address>0xd6d4</load_address>
         <run_address>0xd6d4</run_address>
         <size>0x4b5</size>
         <input_file_ref idref="fl-c1"/>
      </object_component>
      <object_component id="oc-134">
         <name>.debug_info</name>
         <load_address>0xdb89</load_address>
         <run_address>0xdb89</run_address>
         <size>0x5f4</size>
         <input_file_ref idref="fl-c1"/>
      </object_component>
      <object_component id="oc-1ca">
         <name>.debug_info</name>
         <load_address>0xe17d</load_address>
         <run_address>0xe17d</run_address>
         <size>0x86</size>
         <input_file_ref idref="fl-c1"/>
      </object_component>
      <object_component id="oc-28d">
         <name>.debug_info</name>
         <load_address>0xe203</load_address>
         <run_address>0xe203</run_address>
         <size>0x39</size>
         <input_file_ref idref="fl-c1"/>
      </object_component>
      <object_component id="oc-2fd">
         <name>.debug_info</name>
         <load_address>0xe23c</load_address>
         <run_address>0xe23c</run_address>
         <size>0xb6</size>
         <input_file_ref idref="fl-c1"/>
      </object_component>
      <object_component id="oc-292">
         <name>.debug_info</name>
         <load_address>0xe2f2</load_address>
         <run_address>0xe2f2</run_address>
         <size>0x46</size>
         <input_file_ref idref="fl-c1"/>
      </object_component>
      <object_component id="oc-1cf">
         <name>.debug_info</name>
         <load_address>0xe338</load_address>
         <run_address>0xe338</run_address>
         <size>0x46</size>
         <input_file_ref idref="fl-c1"/>
      </object_component>
      <object_component id="oc-288">
         <name>.debug_info</name>
         <load_address>0xe37e</load_address>
         <run_address>0xe37e</run_address>
         <size>0x2c</size>
         <input_file_ref idref="fl-c1"/>
      </object_component>
      <object_component id="oc-2b7">
         <name>.debug_info</name>
         <load_address>0xe3aa</load_address>
         <run_address>0xe3aa</run_address>
         <size>0x383</size>
         <input_file_ref idref="fl-c2"/>
      </object_component>
      <object_component id="oc-1ed">
         <name>.debug_info</name>
         <load_address>0xe72d</load_address>
         <run_address>0xe72d</run_address>
         <size>0x1ea</size>
         <input_file_ref idref="fl-c2"/>
      </object_component>
      <object_component id="oc-2b5">
         <name>.debug_info</name>
         <load_address>0xe917</load_address>
         <run_address>0xe917</run_address>
         <size>0x3fc</size>
         <input_file_ref idref="fl-c3"/>
      </object_component>
      <object_component id="oc-1e5">
         <name>.debug_info</name>
         <load_address>0xed13</load_address>
         <run_address>0xed13</run_address>
         <size>0x2e2</size>
         <input_file_ref idref="fl-c3"/>
      </object_component>
      <object_component id="oc-e6">
         <name>.debug_info</name>
         <load_address>0xeff5</load_address>
         <run_address>0xeff5</run_address>
         <size>0x2c</size>
         <input_file_ref idref="fl-c3"/>
      </object_component>
      <object_component id="oc-30f">
         <name>.debug_info</name>
         <load_address>0xf021</load_address>
         <run_address>0xf021</run_address>
         <size>0x300</size>
         <input_file_ref idref="fl-c4"/>
      </object_component>
      <object_component id="oc-2a0">
         <name>.debug_info</name>
         <load_address>0xf321</load_address>
         <run_address>0xf321</run_address>
         <size>0x19c</size>
         <input_file_ref idref="fl-c4"/>
      </object_component>
      <object_component id="oc-34a">
         <name>.debug_info</name>
         <load_address>0xf4bd</load_address>
         <run_address>0xf4bd</run_address>
         <size>0xbf</size>
         <input_file_ref idref="fl-c4"/>
      </object_component>
      <object_component id="oc-349">
         <name>.debug_info</name>
         <load_address>0xf57c</load_address>
         <run_address>0xf57c</run_address>
         <size>0x374</size>
         <input_file_ref idref="fl-c5"/>
      </object_component>
      <object_component id="oc-30c">
         <name>.debug_info</name>
         <load_address>0xf8f0</load_address>
         <run_address>0xf8f0</run_address>
         <size>0x20b</size>
         <input_file_ref idref="fl-c5"/>
      </object_component>
      <object_component id="oc-2e0">
         <name>.debug_info</name>
         <load_address>0xfafb</load_address>
         <run_address>0xfafb</run_address>
         <size>0x295</size>
         <input_file_ref idref="fl-c6"/>
      </object_component>
      <object_component id="oc-266">
         <name>.debug_info</name>
         <load_address>0xfd90</load_address>
         <run_address>0xfd90</run_address>
         <size>0x195</size>
         <input_file_ref idref="fl-c6"/>
      </object_component>
      <object_component id="oc-324">
         <name>.debug_info</name>
         <load_address>0xff25</load_address>
         <run_address>0xff25</run_address>
         <size>0x39</size>
         <input_file_ref idref="fl-c6"/>
      </object_component>
      <object_component id="oc-2e1">
         <name>.debug_info</name>
         <load_address>0xff5e</load_address>
         <run_address>0xff5e</run_address>
         <size>0x2c</size>
         <input_file_ref idref="fl-c6"/>
      </object_component>
      <object_component id="oc-2ed">
         <name>.debug_info</name>
         <load_address>0xff8a</load_address>
         <run_address>0xff8a</run_address>
         <size>0x2f8</size>
         <input_file_ref idref="fl-c7"/>
      </object_component>
      <object_component id="oc-26c">
         <name>.debug_info</name>
         <load_address>0x10282</load_address>
         <run_address>0x10282</run_address>
         <size>0x225</size>
         <input_file_ref idref="fl-c7"/>
      </object_component>
      <object_component id="oc-280">
         <name>.debug_info</name>
         <load_address>0x104a7</load_address>
         <run_address>0x104a7</run_address>
         <size>0x28f</size>
         <input_file_ref idref="fl-c8"/>
      </object_component>
      <object_component id="oc-1be">
         <name>.debug_info</name>
         <load_address>0x10736</load_address>
         <run_address>0x10736</run_address>
         <size>0x15a</size>
         <input_file_ref idref="fl-c8"/>
      </object_component>
      <object_component id="oc-2f2">
         <name>.debug_info</name>
         <load_address>0x10890</load_address>
         <run_address>0x10890</run_address>
         <size>0x46</size>
         <input_file_ref idref="fl-c8"/>
      </object_component>
      <object_component id="oc-27b">
         <name>.debug_info</name>
         <load_address>0x108d6</load_address>
         <run_address>0x108d6</run_address>
         <size>0x39</size>
         <input_file_ref idref="fl-c8"/>
      </object_component>
      <object_component id="oc-248">
         <name>.debug_info</name>
         <load_address>0x1090f</load_address>
         <run_address>0x1090f</run_address>
         <size>0x14c</size>
         <input_file_ref idref="fl-c9"/>
      </object_component>
      <object_component id="oc-19c">
         <name>.debug_info</name>
         <load_address>0x10a5b</load_address>
         <run_address>0x10a5b</run_address>
         <size>0x128</size>
         <input_file_ref idref="fl-ca"/>
      </object_component>
      <object_component id="oc-231">
         <name>.debug_info</name>
         <load_address>0x10b83</load_address>
         <run_address>0x10b83</run_address>
         <size>0x12a</size>
         <input_file_ref idref="fl-ca"/>
      </object_component>
      <object_component id="oc-22e">
         <name>.debug_info</name>
         <load_address>0x10cad</load_address>
         <run_address>0x10cad</run_address>
         <size>0x13a</size>
         <input_file_ref idref="fl-cb"/>
      </object_component>
      <object_component id="oc-227">
         <name>.debug_info</name>
         <load_address>0x10de7</load_address>
         <run_address>0x10de7</run_address>
         <size>0x13a</size>
         <input_file_ref idref="fl-cc"/>
      </object_component>
      <object_component id="oc-238">
         <name>.debug_info</name>
         <load_address>0x10f21</load_address>
         <run_address>0x10f21</run_address>
         <size>0x12e</size>
         <input_file_ref idref="fl-cd"/>
      </object_component>
      <object_component id="oc-241">
         <name>.debug_info</name>
         <load_address>0x1104f</load_address>
         <run_address>0x1104f</run_address>
         <size>0x12c</size>
         <input_file_ref idref="fl-ce"/>
      </object_component>
      <object_component id="oc-3b">
         <name>.debug_info</name>
         <load_address>0x1117b</load_address>
         <run_address>0x1117b</run_address>
         <size>0x119</size>
         <input_file_ref idref="fl-cf"/>
      </object_component>
      <object_component id="oc-221">
         <name>.debug_info</name>
         <load_address>0x11294</load_address>
         <run_address>0x11294</run_address>
         <size>0x134</size>
         <input_file_ref idref="fl-d0"/>
      </object_component>
      <object_component id="oc-96">
         <name>.debug_info</name>
         <load_address>0x113c8</load_address>
         <run_address>0x113c8</run_address>
         <size>0x147</size>
         <input_file_ref idref="fl-d1"/>
      </object_component>
      <object_component id="oc-93">
         <name>.debug_info</name>
         <load_address>0x1150f</load_address>
         <run_address>0x1150f</run_address>
         <size>0x2d4</size>
         <input_file_ref idref="fl-d2"/>
      </object_component>
      <object_component id="oc-49">
         <name>.debug_info</name>
         <load_address>0x117e3</load_address>
         <run_address>0x117e3</run_address>
         <size>0x1d2</size>
         <input_file_ref idref="fl-d2"/>
      </object_component>
      <object_component id="oc-8e">
         <name>.debug_info</name>
         <load_address>0x119b5</load_address>
         <run_address>0x119b5</run_address>
         <size>0x46</size>
         <input_file_ref idref="fl-d2"/>
      </object_component>
      <object_component id="oc-45">
         <name>.debug_info</name>
         <load_address>0x119fb</load_address>
         <run_address>0x119fb</run_address>
         <size>0x2a8</size>
         <input_file_ref idref="fl-d3"/>
      </object_component>
      <object_component id="oc-1e">
         <name>.debug_info</name>
         <load_address>0x11ca3</load_address>
         <run_address>0x11ca3</run_address>
         <size>0x1ea</size>
         <input_file_ref idref="fl-d3"/>
      </object_component>
      <object_component id="oc-40">
         <name>.debug_info</name>
         <load_address>0x11e8d</load_address>
         <run_address>0x11e8d</run_address>
         <size>0x46</size>
         <input_file_ref idref="fl-d3"/>
      </object_component>
      <object_component id="oc-86">
         <name>.debug_info</name>
         <load_address>0x11ed3</load_address>
         <run_address>0x11ed3</run_address>
         <size>0x2c</size>
         <input_file_ref idref="fl-d3"/>
      </object_component>
      <object_component id="oc-84">
         <name>.debug_info</name>
         <load_address>0x11eff</load_address>
         <run_address>0x11eff</run_address>
         <size>0x29e</size>
         <input_file_ref idref="fl-d4"/>
      </object_component>
      <object_component id="oc-1b">
         <name>.debug_info</name>
         <load_address>0x1219d</load_address>
         <run_address>0x1219d</run_address>
         <size>0x250</size>
         <input_file_ref idref="fl-d4"/>
      </object_component>
      <object_component id="oc-30">
         <name>.debug_info</name>
         <load_address>0x123ed</load_address>
         <run_address>0x123ed</run_address>
         <size>0x60</size>
         <input_file_ref idref="fl-d4"/>
      </object_component>
      <object_component id="oc-df">
         <name>.debug_info</name>
         <load_address>0x1244d</load_address>
         <run_address>0x1244d</run_address>
         <size>0x46</size>
         <input_file_ref idref="fl-d4"/>
      </object_component>
      <object_component id="oc-7f">
         <name>.debug_info</name>
         <load_address>0x12493</load_address>
         <run_address>0x12493</run_address>
         <size>0x39</size>
         <input_file_ref idref="fl-d4"/>
      </object_component>
      <object_component id="oc-16d">
         <name>.debug_info</name>
         <load_address>0x124cc</load_address>
         <run_address>0x124cc</run_address>
         <size>0x3ad</size>
         <input_file_ref idref="fl-d5"/>
      </object_component>
      <object_component id="oc-16a">
         <name>.debug_info</name>
         <load_address>0x12879</load_address>
         <run_address>0x12879</run_address>
         <size>0x190</size>
         <input_file_ref idref="fl-d5"/>
      </object_component>
      <object_component id="oc-f1">
         <name>.debug_info</name>
         <load_address>0x12a09</load_address>
         <run_address>0x12a09</run_address>
         <size>0x122</size>
         <input_file_ref idref="fl-d5"/>
      </object_component>
      <object_component id="oc-f8">
         <name>.debug_info</name>
         <load_address>0x12b2b</load_address>
         <run_address>0x12b2b</run_address>
         <size>0x184</size>
         <input_file_ref idref="fl-d5"/>
      </object_component>
      <object_component id="oc-1dc">
         <name>.debug_info</name>
         <load_address>0x12caf</load_address>
         <run_address>0x12caf</run_address>
         <size>0x2c9</size>
         <input_file_ref idref="fl-d6"/>
      </object_component>
      <object_component id="oc-138">
         <name>.debug_info</name>
         <load_address>0x12f78</load_address>
         <run_address>0x12f78</run_address>
         <size>0x11e</size>
         <input_file_ref idref="fl-d6"/>
      </object_component>
      <object_component id="oc-1d5">
         <name>.debug_info</name>
         <load_address>0x13096</load_address>
         <run_address>0x13096</run_address>
         <size>0x12e</size>
         <input_file_ref idref="fl-d6"/>
      </object_component>
      <object_component id="oc-2d8">
         <name>.debug_info</name>
         <load_address>0x131c4</load_address>
         <run_address>0x131c4</run_address>
         <size>0x29c</size>
         <input_file_ref idref="fl-d7"/>
      </object_component>
      <object_component id="oc-23b">
         <name>.debug_info</name>
         <load_address>0x13460</load_address>
         <run_address>0x13460</run_address>
         <size>0x1da</size>
         <input_file_ref idref="fl-d7"/>
      </object_component>
      <object_component id="oc-21e">
         <name>.debug_info</name>
         <load_address>0x1363a</load_address>
         <run_address>0x1363a</run_address>
         <size>0x2b9</size>
         <input_file_ref idref="fl-d8"/>
      </object_component>
      <object_component id="oc-18e">
         <name>.debug_info</name>
         <load_address>0x138f3</load_address>
         <run_address>0x138f3</run_address>
         <size>0x17c</size>
         <input_file_ref idref="fl-d8"/>
      </object_component>
      <object_component id="oc-2ca">
         <name>.debug_info</name>
         <load_address>0x13a6f</load_address>
         <run_address>0x13a6f</run_address>
         <size>0xf9</size>
         <input_file_ref idref="fl-d9"/>
      </object_component>
      <object_component id="oc-21b">
         <name>.debug_info</name>
         <load_address>0x13b68</load_address>
         <run_address>0x13b68</run_address>
         <size>0x105</size>
         <input_file_ref idref="fl-d9"/>
      </object_component>
      <object_component id="oc-1e0">
         <name>.debug_info</name>
         <load_address>0x13c6d</load_address>
         <run_address>0x13c6d</run_address>
         <size>0x144</size>
         <input_file_ref idref="fl-da"/>
      </object_component>
      <object_component id="oc-13b">
         <name>.debug_info</name>
         <load_address>0x13db1</load_address>
         <run_address>0x13db1</run_address>
         <size>0x102</size>
         <input_file_ref idref="fl-da"/>
      </object_component>
      <object_component id="oc-386">
         <name>.debug_info</name>
         <load_address>0x13eb3</load_address>
         <run_address>0x13eb3</run_address>
         <size>0x18f</size>
         <input_file_ref idref="fl-da"/>
      </object_component>
      <object_component id="oc-279">
         <name>.debug_info</name>
         <load_address>0x14042</load_address>
         <run_address>0x14042</run_address>
         <size>0x2a7</size>
         <input_file_ref idref="fl-db"/>
      </object_component>
      <object_component id="oc-1b8">
         <name>.debug_info</name>
         <load_address>0x142e9</load_address>
         <run_address>0x142e9</run_address>
         <size>0x1b8</size>
         <input_file_ref idref="fl-db"/>
      </object_component>
      <object_component id="oc-311">
         <name>.debug_info</name>
         <load_address>0x144a1</load_address>
         <run_address>0x144a1</run_address>
         <size>0x2a5</size>
         <input_file_ref idref="fl-dc"/>
      </object_component>
      <object_component id="oc-2a4">
         <name>.debug_info</name>
         <load_address>0x14746</load_address>
         <run_address>0x14746</run_address>
         <size>0x25d</size>
         <input_file_ref idref="fl-dc"/>
      </object_component>
      <object_component id="oc-7b">
         <name>.debug_info</name>
         <load_address>0x149a3</load_address>
         <run_address>0x149a3</run_address>
         <size>0x3b2</size>
         <input_file_ref idref="fl-dd"/>
      </object_component>
      <object_component id="oc-2a">
         <name>.debug_info</name>
         <load_address>0x14d55</load_address>
         <run_address>0x14d55</run_address>
         <size>0x10c</size>
         <input_file_ref idref="fl-dd"/>
      </object_component>
      <object_component id="oc-3bc">
         <name>.debug_info</name>
         <load_address>0x14e61</load_address>
         <run_address>0x14e61</run_address>
         <size>0x13f</size>
         <input_file_ref idref="fl-dd"/>
      </object_component>
      <object_component id="oc-33d">
         <name>.debug_info</name>
         <load_address>0x14fa0</load_address>
         <run_address>0x14fa0</run_address>
         <size>0x168</size>
         <input_file_ref idref="fl-dd"/>
      </object_component>
      <object_component id="oc-36c">
         <name>.debug_info</name>
         <load_address>0x15108</load_address>
         <run_address>0x15108</run_address>
         <size>0x18e</size>
         <input_file_ref idref="fl-dd"/>
      </object_component>
      <object_component id="oc-372">
         <name>.debug_info</name>
         <load_address>0x15296</load_address>
         <run_address>0x15296</run_address>
         <size>0x19f</size>
         <input_file_ref idref="fl-dd"/>
      </object_component>
      <object_component id="oc-337">
         <name>.debug_info</name>
         <load_address>0x15435</load_address>
         <run_address>0x15435</run_address>
         <size>0x203</size>
         <input_file_ref idref="fl-dd"/>
      </object_component>
      <object_component id="oc-3c2">
         <name>.debug_info</name>
         <load_address>0x15638</load_address>
         <run_address>0x15638</run_address>
         <size>0x1db</size>
         <input_file_ref idref="fl-dd"/>
      </object_component>
      <object_component id="oc-379">
         <name>.debug_info</name>
         <load_address>0x15813</load_address>
         <run_address>0x15813</run_address>
         <size>0x299</size>
         <input_file_ref idref="fl-dd"/>
      </object_component>
      <object_component id="oc-da">
         <name>.debug_info</name>
         <load_address>0x15aac</load_address>
         <run_address>0x15aac</run_address>
         <size>0xb2</size>
         <input_file_ref idref="fl-dd"/>
      </object_component>
      <object_component id="oc-d5">
         <name>.debug_info</name>
         <load_address>0x15b5e</load_address>
         <run_address>0x15b5e</run_address>
         <size>0x2c</size>
         <input_file_ref idref="fl-dd"/>
      </object_component>
      <object_component id="oc-2ef">
         <name>.debug_info</name>
         <load_address>0x15b8a</load_address>
         <run_address>0x15b8a</run_address>
         <size>0x29a</size>
         <input_file_ref idref="fl-de"/>
      </object_component>
      <object_component id="oc-273">
         <name>.debug_info</name>
         <load_address>0x15e24</load_address>
         <run_address>0x15e24</run_address>
         <size>0x262</size>
         <input_file_ref idref="fl-de"/>
      </object_component>
      <object_component id="oc-219">
         <name>.debug_info</name>
         <load_address>0x16086</load_address>
         <run_address>0x16086</run_address>
         <size>0x28f</size>
         <input_file_ref idref="fl-df"/>
      </object_component>
      <object_component id="oc-188">
         <name>.debug_info</name>
         <load_address>0x16315</load_address>
         <run_address>0x16315</run_address>
         <size>0x245</size>
         <input_file_ref idref="fl-df"/>
      </object_component>
      <object_component id="oc-285">
         <name>.debug_info</name>
         <load_address>0x1655a</load_address>
         <run_address>0x1655a</run_address>
         <size>0x289</size>
         <input_file_ref idref="fl-e0"/>
      </object_component>
      <object_component id="oc-282">
         <name>.debug_info</name>
         <load_address>0x167e3</load_address>
         <run_address>0x167e3</run_address>
         <size>0x10e</size>
         <input_file_ref idref="fl-e0"/>
      </object_component>
      <object_component id="oc-1c4">
         <name>.debug_info</name>
         <load_address>0x168f1</load_address>
         <run_address>0x168f1</run_address>
         <size>0x14e</size>
         <input_file_ref idref="fl-e0"/>
      </object_component>
      <object_component id="oc-2d">
         <name>.debug_info</name>
         <load_address>0x16a3f</load_address>
         <run_address>0x16a3f</run_address>
         <size>0x10b</size>
         <input_file_ref idref="fl-e1"/>
      </object_component>
      <object_component id="oc-5b">
         <name>.debug_info</name>
         <load_address>0x16b4a</load_address>
         <run_address>0x16b4a</run_address>
         <size>0x1a9</size>
         <input_file_ref idref="fl-e1"/>
      </object_component>
      <object_component id="oc-318">
         <name>.debug_info</name>
         <load_address>0x16cf3</load_address>
         <run_address>0x16cf3</run_address>
         <size>0x397</size>
         <input_file_ref idref="fl-e2"/>
      </object_component>
      <object_component id="oc-2b1">
         <name>.debug_info</name>
         <load_address>0x1708a</load_address>
         <run_address>0x1708a</run_address>
         <size>0x18f</size>
         <input_file_ref idref="fl-e2"/>
      </object_component>
      <object_component id="oc-35d">
         <name>.debug_info</name>
         <load_address>0x17219</load_address>
         <run_address>0x17219</run_address>
         <size>0x120</size>
         <input_file_ref idref="fl-e2"/>
      </object_component>
      <object_component id="oc-362">
         <name>.debug_info</name>
         <load_address>0x17339</load_address>
         <run_address>0x17339</run_address>
         <size>0x2c</size>
         <input_file_ref idref="fl-e2"/>
      </object_component>
      <object_component id="oc-35a">
         <name>.debug_info</name>
         <load_address>0x17365</load_address>
         <run_address>0x17365</run_address>
         <size>0x337</size>
         <input_file_ref idref="fl-e3"/>
      </object_component>
      <object_component id="oc-356">
         <name>.debug_info</name>
         <load_address>0x1769c</load_address>
         <run_address>0x1769c</run_address>
         <size>0x109</size>
         <input_file_ref idref="fl-e3"/>
      </object_component>
      <object_component id="oc-315">
         <name>.debug_info</name>
         <load_address>0x177a5</load_address>
         <run_address>0x177a5</run_address>
         <size>0x109</size>
         <input_file_ref idref="fl-e3"/>
      </object_component>
      <object_component id="oc-313">
         <name>.debug_info</name>
         <load_address>0x178ae</load_address>
         <run_address>0x178ae</run_address>
         <size>0x347</size>
         <input_file_ref idref="fl-e4"/>
      </object_component>
      <object_component id="oc-2a9">
         <name>.debug_info</name>
         <load_address>0x17bf5</load_address>
         <run_address>0x17bf5</run_address>
         <size>0x18a</size>
         <input_file_ref idref="fl-e4"/>
      </object_component>
      <object_component id="oc-344">
         <name>.debug_info</name>
         <load_address>0x17d7f</load_address>
         <run_address>0x17d7f</run_address>
         <size>0x176</size>
         <input_file_ref idref="fl-e5"/>
      </object_component>
      <object_component id="oc-335">
         <name>.debug_info</name>
         <load_address>0x17ef5</load_address>
         <run_address>0x17ef5</run_address>
         <size>0x324</size>
         <input_file_ref idref="fl-e6"/>
      </object_component>
      <object_component id="oc-303">
         <name>.debug_info</name>
         <load_address>0x18219</load_address>
         <run_address>0x18219</run_address>
         <size>0x1ec</size>
         <input_file_ref idref="fl-e6"/>
      </object_component>
      <object_component id="oc-2e7">
         <name>.debug_info</name>
         <load_address>0x18405</load_address>
         <run_address>0x18405</run_address>
         <size>0x161</size>
         <input_file_ref idref="fl-e7"/>
      </object_component>
      <object_component id="oc-2ce">
         <name>.debug_info</name>
         <load_address>0x18566</load_address>
         <run_address>0x18566</run_address>
         <size>0x115</size>
         <input_file_ref idref="fl-e8"/>
      </object_component>
      <object_component id="oc-170">
         <name>.debug_info</name>
         <load_address>0x1867b</load_address>
         <run_address>0x1867b</run_address>
         <size>0x4b3</size>
         <input_file_ref idref="fl-e9"/>
      </object_component>
      <object_component id="oc-fc">
         <name>.debug_info</name>
         <load_address>0x18b2e</load_address>
         <run_address>0x18b2e</run_address>
         <size>0x1a6</size>
         <input_file_ref idref="fl-e9"/>
[...]
      <symbol id="sm-405">
         <name>wcslen</name>
         <value>0x3721</value>
         <object_component_ref idref="oc-1bc"/>
      </symbol>
      <symbol id="sm-41c">
         <name>__aeabi_dsub</name>
         <value>0x1c01</value>
         <object_component_ref idref="oc-245"/>
      </symbol>
      <symbol id="sm-41d">
         <name>__aeabi_dadd</name>
         <value>0x1c0b</value>
         <object_component_ref idref="oc-245"/>
      </symbol>
      <symbol id="sm-43f">
         <name>__aeabi_cdcmpeq</name>
         <value>0x29a1</value>
         <object_component_ref idref="oc-199"/>
      </symbol>
      <symbol id="sm-440">
         <name>__aeabi_cdcmple</name>
         <value>0x29a1</value>
         <object_component_ref idref="oc-199"/>
      </symbol>
      <symbol id="sm-441">
         <name>__aeabi_cdrcmple</name>
         <value>0x2a27</value>
         <object_component_ref idref="oc-230"/>
      </symbol>
      <symbol id="sm-455">
         <name>__aeabi_ddiv</name>
         <value>0x1ef5</value>
         <object_component_ref idref="oc-22b"/>
      </symbol>
      <symbol id="sm-460">
         <name>__aeabi_dmul</name>
         <value>0x2475</value>
         <object_component_ref idref="oc-226"/>
      </symbol>
      <symbol id="sm-46a">
         <name>__aeabi_d2iz</name>
         <value>0x3295</value>
         <object_component_ref idref="oc-235"/>
      </symbol>
      <symbol id="sm-474">
         <name>__aeabi_i2d</name>
         <value>0x3569</value>
         <object_component_ref idref="oc-240"/>
      </symbol>
      <symbol id="sm-48f">
         <name>memcpy</name>
         <value>0x27e3</value>
         <object_component_ref idref="oc-3a"/>
      </symbol>
      <symbol id="sm-490">
         <name>__aeabi_memcpy</name>
         <value>0x27e3</value>
         <object_component_ref idref="oc-3a"/>
      </symbol>
      <symbol id="sm-491">
         <name>__aeabi_memcpy8</name>
         <value>0x27e3</value>
         <object_component_ref idref="oc-3a"/>
      </symbol>
      <symbol id="sm-492">
         <name>__aeabi_memcpy4</name>
         <value>0x27e3</value>
         <object_component_ref idref="oc-3a"/>
      </symbol>
      <symbol id="sm-49f">
         <name>__aeabi_uldivmod</name>
         <value>0x287f</value>
         <object_component_ref idref="oc-21f"/>
      </symbol>
      <symbol id="sm-4ae">
         <name>__aeabi_memset</name>
         <value>0x2aaf</value>
         <object_component_ref idref="oc-94"/>
      </symbol>
      <symbol id="sm-4af">
         <name>memset</name>
         <value>0x2ab5</value>
         <object_component_ref idref="oc-94"/>
      </symbol>
      <symbol id="sm-4b0">
         <name>__aeabi_memset8</name>
         <value>0x2aaf</value>
         <object_component_ref idref="oc-94"/>
      </symbol>
      <symbol id="sm-4b1">
         <name>__aeabi_memset4</name>
         <value>0x2aaf</value>
         <object_component_ref idref="oc-94"/>
      </symbol>
      <symbol id="sm-4b2">
         <name>__aeabi_memclr8</name>
         <value>0x2aad</value>
         <object_component_ref idref="oc-94"/>
      </symbol>
      <symbol id="sm-4b3">
         <name>__aeabi_memclr4</name>
         <value>0x2aad</value>
         <object_component_ref idref="oc-94"/>
      </symbol>
      <symbol id="sm-4b4">
         <name>__aeabi_memclr</name>
         <value>0x2aad</value>
         <object_component_ref idref="oc-94"/>
      </symbol>
      <symbol id="sm-4c8">
         <name>__TI_zero_init_nomemset</name>
         <value>0x365d</value>
         <object_component_ref idref="oc-46"/>
      </symbol>
      <symbol id="sm-4df">
         <name>__TI_decompress_none</name>
         <value>0x3733</value>
         <object_component_ref idref="oc-1d"/>
      </symbol>
      <symbol id="sm-502">
         <name>__TI_decompress_lzss</name>
         <value>0x2d51</value>
         <object_component_ref idref="oc-17"/>
      </symbol>
      <symbol id="sm-528">
         <name>C$$EXIT</name>
         <value>0x376d</value>
         <object_component_ref idref="oc-ef"/>
      </symbol>
      <symbol id="sm-529">
         <name>abort</name>
         <value>0x376d</value>
         <object_component_ref idref="oc-ef"/>
      </symbol>
      <symbol id="sm-52a">
         <name>__TI_dtors_ptr</name>
         <value>0x20000940</value>
         <object_component_ref idref="oc-169"/>
      </symbol>
      <symbol id="sm-52b">
         <name>__TI_cleanup_ptr</name>
         <value>0x2000093c</value>
         <object_component_ref idref="oc-169"/>
      </symbol>
      <symbol id="sm-52c">
         <name>__TI_enable_exit_profile_output</name>
         <value>0x20000944</value>
         <object_component_ref idref="oc-169"/>
      </symbol>
      <symbol id="sm-52d">
         <name>exit</name>
         <value>0x324d</value>
         <object_component_ref idref="oc-f5"/>
      </symbol>
      <symbol id="sm-542">
         <name>_nop</name>
         <value>0xb33</value>
         <object_component_ref idref="oc-1d4"/>
      </symbol>
      <symbol id="sm-543">
         <name>_lock</name>
         <value>0x20000954</value>
         <object_component_ref idref="oc-137"/>
      </symbol>
      <symbol id="sm-544">
         <name>_unlock</name>
         <value>0x20000958</value>
         <object_component_ref idref="oc-137"/>
      </symbol>
      <symbol id="sm-553">
         <name>__TI_ltoa</name>
         <value>0x310f</value>
         <object_component_ref idref="oc-23a"/>
      </symbol>
      <symbol id="sm-569">
         <name>atoi</name>
         <value>0x3201</value>
         <object_component_ref idref="oc-18d"/>
      </symbol>
      <symbol id="sm-574">
         <name>_ctypes_</name>
         <value>0x3770</value>
         <object_component_ref idref="oc-21a"/>
      </symbol>
      <symbol id="sm-589">
         <name>__TI_tmpnams</name>
         <value>0x200006b0</value>
      </symbol>
      <symbol id="sm-58a">
         <name>__aeabi_stdout</name>
         <value>0x20000934</value>
         <object_component_ref idref="oc-385"/>
      </symbol>
      <symbol id="sm-58b">
         <name>__aeabi_stderr</name>
         <value>0x20000938</value>
         <object_component_ref idref="oc-385"/>
      </symbol>
      <symbol id="sm-58c">
         <name>__aeabi_stdin</name>
         <value>0x20000930</value>
         <object_component_ref idref="oc-385"/>
      </symbol>
      <symbol id="sm-58d">
         <name>_ftable</name>
         <value>0x2000075c</value>
         <object_component_ref idref="oc-13a"/>
      </symbol>
      <symbol id="sm-58e">
         <name>__TI_ft_end</name>
         <value>0x2000092c</value>
         <object_component_ref idref="oc-385"/>
      </symbol>
      <symbol id="sm-59e">
         <name>memccpy</name>
         <value>0x3695</value>
         <object_component_ref idref="oc-1b6"/>
      </symbol>
      <symbol id="sm-5ae">
         <name>memchr</name>
         <value>0x363d</value>
         <object_component_ref idref="oc-2a2"/>
      </symbol>
      <symbol id="sm-637">
         <name>_sys_memory</name>
         <value>0x20000000</value>
         <object_component_ref idref="oc-29"/>
      </symbol>
      <symbol id="sm-638">
         <name>free</name>
         <value>0x2571</value>
         <object_component_ref idref="oc-336"/>
      </symbol>
      <symbol id="sm-639">
         <name>memalign</name>
         <value>0x2375</value>
         <object_component_ref idref="oc-378"/>
      </symbol>
      <symbol id="sm-63a">
         <name>malloc</name>
         <value>0x3759</value>
         <object_component_ref idref="oc-33c"/>
      </symbol>
      <symbol id="sm-63b">
         <name>aligned_alloc</name>
         <value>0x2375</value>
         <object_component_ref idref="oc-378"/>
      </symbol>
      <symbol id="sm-64b">
         <name>strchr</name>
         <value>0x36e3</value>
         <object_component_ref idref="oc-271"/>
      </symbol>
      <symbol id="sm-659">
         <name>strlen</name>
         <value>0x370d</value>
         <object_component_ref idref="oc-187"/>
      </symbol>
      <symbol id="sm-66f">
         <name>__aeabi_errno_addr</name>
         <value>0x3751</value>
         <object_component_ref idref="oc-1c2"/>
      </symbol>
      <symbol id="sm-670">
         <name>errno</name>
         <value>0x20000964</value>
         <object_component_ref idref="oc-281"/>
      </symbol>
      <symbol id="sm-683">
         <name>__stack</name>
         <value>0x2000fe00</value>
         <object_component_ref idref="oc-2c"/>
      </symbol>
      <symbol id="sm-684">
         <name>_c_int00_noargs</name>
         <value>0x3505</value>
         <object_component_ref idref="oc-58"/>
      </symbol>
      <symbol id="sm-69e">
         <name>write</name>
         <value>0x3615</value>
         <object_component_ref idref="oc-2ae"/>
      </symbol>
      <symbol id="sm-6af">
         <name>_stream</name>
         <value>0x200008c4</value>
         <object_component_ref idref="oc-314"/>
      </symbol>
      <symbol id="sm-6b0">
         <name>_device</name>
         <value>0x2000084c</value>
         <object_component_ref idref="oc-355"/>
      </symbol>
      <symbol id="sm-6c0">
         <name>__TI_doflush</name>
         <value>0x31b5</value>
         <object_component_ref idref="oc-2a8"/>
      </symbol>
      <symbol id="sm-6d0">
         <name>__TI_cleanup</name>
         <value>0x349d</value>
         <object_component_ref idref="oc-342"/>
      </symbol>
      <symbol id="sm-6e2">
         <name>fseek</name>
         <value>0x2e85</value>
         <object_component_ref idref="oc-302"/>
      </symbol>
      <symbol id="sm-6ec">
         <name>copysign</name>
         <value>0x36b1</value>
         <object_component_ref idref="oc-2e6"/>
      </symbol>
      <symbol id="sm-6ed">
         <name>copysignl</name>
         <value>0x36b1</value>
         <object_component_ref idref="oc-2e6"/>
      </symbol>
      <symbol id="sm-6f7">
         <name>__aeabi_idiv0</name>
         <value>0x1db7</value>
         <object_component_ref idref="oc-2cd"/>
      </symbol>
      <symbol id="sm-6f8">
         <name>__aeabi_ldiv0</name>
         <value>0x1db7</value>
         <object_component_ref idref="oc-2cd"/>
      </symbol>
      <symbol id="sm-720">
         <name>__TI_auto_init_nobinit_nopinit</name>
         <value>0x3365</value>
         <object_component_ref idref="oc-fb"/>
      </symbol>
      <symbol id="sm-72a">
         <name>_system_pre_init</name>
         <value>0x3769</value>
         <object_component_ref idref="oc-9a"/>
      </symbol>
      <symbol id="sm-73d">
         <name>HOSTclose</name>
         <value>0x32dd</value>
         <object_component_ref idref="oc-391"/>
      </symbol>
      <symbol id="sm-74e">
         <name>HOSTlseek</name>
         <value>0x2ce9</value>
         <object_component_ref idref="oc-3a3"/>
      </symbol>
      <symbol id="sm-760">
         <name>parmbuf</name>
         <value>0x20000750</value>
      </symbol>
      <symbol id="sm-761">
         <name>HOSTopen</name>
         <value>0x2f4d</value>
         <object_component_ref idref="oc-38b"/>
      </symbol>
      <symbol id="sm-772">
         <name>HOSTread</name>
         <value>0x3009</value>
         <object_component_ref idref="oc-397"/>
      </symbol>
      <symbol id="sm-783">
         <name>HOSTrename</name>
         <value>0x2c7d</value>
         <object_component_ref idref="oc-3af"/>
      </symbol>
      <symbol id="sm-794">
         <name>HOSTunlink</name>
         <value>0x3321</value>
         <object_component_ref idref="oc-3a9"/>
      </symbol>
      <symbol id="sm-7a5">
         <name>HOSTwrite</name>
         <value>0x3061</value>
         <object_component_ref idref="oc-39d"/>
      </symbol>
      <symbol id="sm-7c9">
         <name>__TI_readmsg</name>
         <value>0x34d1</value>
         <object_component_ref idref="oc-3de"/>
      </symbol>
      <symbol id="sm-7ca">
         <name>C$$IO$$</name>
         <value>0x345b</value>
         <object_component_ref idref="oc-3d8"/>
      </symbol>
      <symbol id="sm-7cb">
         <name>__CIOBUF_</name>
         <value>0x20000590</value>
         <object_component_ref idref="oc-409"/>
      </symbol>
      <symbol id="sm-7cc">
         <name>__TI_writemsg</name>
         <value>0x342d</value>
         <object_component_ref idref="oc-3d8"/>
      </symbol>
      <symbol id="sm-7dd">
         <name>lseek</name>
         <value>0x35ed</value>
         <object_component_ref idref="oc-32e"/>
      </symbol>
      <symbol id="sm-7f2">
         <name>__TI_closefile</name>
         <value>0x2b29</value>
         <object_component_ref idref="oc-37f"/>
      </symbol>
      <symbol id="sm-815">
         <name>finddevice</name>
         <value>0x3539</value>
         <object_component_ref idref="oc-427"/>
      </symbol>
      <symbol id="sm-816">
         <name>getdevice</name>
         <value>0x33a9</value>
         <object_component_ref idref="oc-3ff"/>
      </symbol>
      <symbol id="sm-825">
         <name>strcmp</name>
         <value>0x36cb</value>
         <object_component_ref idref="oc-43e"/>
      </symbol>
      <symbol id="sm-833">
         <name>strcpy</name>
         <value>0x36f9</value>
         <object_component_ref idref="oc-3f2"/>
      </symbol>
      <symbol id="sm-843">
         <name>strncpy</name>
         <value>0x3465</value>
         <object_component_ref idref="oc-421"/>
      </symbol>
      <symbol id="sm-858">
         <name>close</name>
         <value>0x2fad</value>
         <object_component_ref idref="oc-3c7"/>
      </symbol>
      <symbol id="sm-868">
         <name>unlink</name>
         <value>0x3599</value>
         <object_component_ref idref="oc-3cd"/>
      </symbol>
      <symbol id="sm-869">
         <name>__TI_static_base__</name>
         <value>0x0</value>
      </symbol>
      <symbol id="sm-86c">
         <name>__mpu_init</name>
         <value>0x0</value>
      </symbol>
      <symbol id="sm-86d">
         <name>_system_post_cinit</name>
         <value>0x0</value>
      </symbol>
      <symbol id="sm-86e">
         <name>NMI_Handler</name>
         <value>0x374d</value>
      </symbol>
      <symbol id="sm-86f">
         <name>HardFault_Handler</name>
         <value>0x374d</value>
      </symbol>
      <symbol id="sm-870">
         <name>MemManage_Handler</name>
         <value>0x374d</value>
      </symbol>
      <symbol id="sm-871">
         <name>BusFault_Handler</name>
         <value>0x374d</value>
      </symbol>
      <symbol id="sm-872">
         <name>UsageFault_Handler</name>
         <value>0x374d</value>
      </symbol>
      <symbol id="sm-873">
         <name>SVC_Handler</name>
         <value>0x374d</value>
      </symbol>
      <symbol id="sm-874">
         <name>DebugMon_Handler</name>
         <value>0x374d</value>
      </symbol>
      <symbol id="sm-875">
         <name>PendSV_Handler</name>
         <value>0x374d</value>
      </symbol>
      <symbol id="sm-876">
         <name>SysTick_Handler</name>
         <value>0x374d</value>
      </symbol>
      <symbol id="sm-877">
         <name>PSS_IRQHandler</name>
         <value>0x374d</value>
      </symbol>
      <symbol id="sm-878">
         <name>CS_IRQHandler</name>
         <value>0x374d</value>
      </symbol>
      <symbol id="sm-879">
         <name>PCM_IRQHandler</name>
         <value>0x374d</value>
      </symbol>
      <symbol id="sm-87a">
         <name>WDT_A_IRQHandler</name>
         <value>0x374d</value>
      </symbol>
      <symbol id="sm-87b">
         <name>FPU_IRQHandler</name>
         <value>0x374d</value>
      </symbol>
      <symbol id="sm-87c">
         <name>FLCTL_IRQHandler</name>
         <value>0x374d</value>
      </symbol>
      <symbol id="sm-87d">
         <name>COMP_E0_IRQHandler</name>
         <value>0x374d</value>
      </symbol>
      <symbol id="sm-87e">
         <name>COMP_E1_IRQHandler</name>
         <value>0x374d</value>
      </symbol>
      <symbol id="sm-87f">
         <name>TA0_0_IRQHandler</name>
         <value>0x374d</value>
      </symbol>
      <symbol id="sm-880">
         <name>TA0_N_IRQHandler</name>
         <value>0x374d</value>
      </symbol>
      <symbol id="sm-881">
         <name>TA1_0_IRQHandler</name>
         <value>0x374d</value>
      </symbol>
      <symbol id="sm-882">
         <name>TA1_N_IRQHandler</name>
         <value>0x374d</value>
      </symbol>
      <symbol id="sm-883">
         <name>TA2_0_IRQHandler</name>
         <value>0xb8d</value>
      </symbol>
      <symbol id="sm-884">
         <name>TA2_N_IRQHandler</name>
         <value>0x374d</value>
      </symbol>
      <symbol id="sm-885">
         <name>TA3_0_IRQHandler</name>
         <value>0x374d</value>
      </symbol>
      <symbol id="sm-886">
         <name>TA3_N_IRQHandler</name>
         <value>0x374d</value>
      </symbol>
      <symbol id="sm-887">
         <name>EUSCIA0_IRQHandler</name>
         <value>0x374d</value>
      </symbol>
      <symbol id="sm-888">
         <name>EUSCIA1_IRQHandler</name>
         <value>0x374d</value>
      </symbol>
      <symbol id="sm-889">
         <name>EUSCIA2_IRQHandler</name>
         <value>0x374d</value>
      </symbol>
      <symbol id="sm-88a">
         <name>EUSCIA3_IRQHandler</name>
         <value>0x374d</value>
      </symbol>
      <symbol id="sm-88b">
         <name>EUSCIB0_IRQHandler</name>
         <value>0x374d</value>
      </symbol>
      <symbol id="sm-88c">
         <name>EUSCIB1_IRQHandler</name>
         <value>0x374d</value>
      </symbol>
      <symbol id="sm-88d">
         <name>EUSCIB2_IRQHandler</name>
         <value>0x374d</value>
      </symbol>
      <symbol id="sm-88e">
         <name>EUSCIB3_IRQHandler</name>
         <value>0x374d</value>
      </symbol>
      <symbol id="sm-88f">
         <name>ADC14_IRQHandler</name>
         <value>0x374d</value>
      </symbol>
      <symbol id="sm-890">
         <name>T32_INT1_IRQHandler</name>
         <value>0x374d</value>
      </symbol>
      <symbol id="sm-891">
         <name>T32_INT2_IRQHandler</name>
         <value>0x374d</value>
      </symbol>
      <symbol id="sm-892">
         <name>T32_INTC_IRQHandler</name>
         <value>0x374d</value>
      </symbol>
      <symbol id="sm-893">
         <name>AES256_IRQHandler</name>
         <value>0x374d</value>
      </symbol>
      <symbol id="sm-894">
         <name>RTC_C_IRQHandler</name>
         <value>0x374d</value>
      </symbol>
      <symbol id="sm-895">
         <name>DMA_ERR_IRQHandler</name>
         <value>0x374d</value>
      </symbol>
      <symbol id="sm-896">
         <name>DMA_INT3_IRQHandler</name>
         <value>0x374d</value>
      </symbol>
      <symbol id="sm-897">
         <name>DMA_INT2_IRQHandler</name>
         <value>0x374d</value>
      </symbol>
      <symbol id="sm-898">
         <name>DMA_INT1_IRQHandler</name>
         <value>0x374d</value>
      </symbol>
      <symbol id="sm-899">
         <name>DMA_INT0_IRQHandler</name>
         <value>0x374d</value>
      </symbol>
      <symbol id="sm-89a">
         <name>PORT1_IRQHandler</name>
         <value>0x374d</value>
      </symbol>
      <symbol id="sm-89b">
         <name>PORT2_IRQHandler</name>
         <value>0x374d</value>
      </symbol>
      <symbol id="sm-89c">
         <name>PORT3_IRQHandler</name>
         <value>0x374d</value>
      </symbol>
      <symbol id="sm-89d">
         <name>PORT4_IRQHandler</name>
         <value>0x374d</value>
      </symbol>
      <symbol id="sm-89e">
         <name>PORT5_IRQHandler</name>
         <value>0x374d</value>
      </symbol>
      <symbol id="sm-89f">
         <name>PORT6_IRQHandler</name>
         <value>0x374d</value>
      </symbol>
      <symbol id="sm-8a0">
         <name>remove</name>
         <value>0x3599</value>
      </symbol>
   </symbol_table>
   <title>Link successful</title>
</link_info>
